nohup: ignoring input

> payment-service@1.0.0 start:dev /home/bayajidswe/My-files/my-projects/jatra-railway/apps/payment-service
> ts-node-dev -r tsconfig-paths/register --respawn --transpile-only src/main.ts

[INFO] 21:10:27 ts-node-dev ver. 2.0.0 (using ts-node ver. 10.9.2, typescript ver. 5.9.3)
[32m[Nest] 39293  - [39m01/04/2026, 9:10:28 PM [32m    LOG[39m [38;5;3m[NestFactory] [39m[32mStarting Nest application...[39m
[32m[Nest] 39293  - [39m01/04/2026, 9:10:28 PM [32m    LOG[39m [38;5;3m[SSLCommerzService] [39m[32m✅ SSLCommerz initialized in SANDBOX mode[39m
[32m[Nest] 39293  - [39m01/04/2026, 9:10:28 PM [32m    LOG[39m [38;5;3m[GatewayService] [39m[32m✅ Payment Gateway initialized with provider: MOCK[39m
[32m[Nest] 39293  - [39m01/04/2026, 9:10:28 PM [32m    LOG[39m [38;5;3m[InstanceLoader] [39m[32mAppModule dependencies initialized[39m[38;5;3m +2ms[39m
[32m[Nest] 39293  - [39m01/04/2026, 9:10:28 PM [32m    LOG[39m [38;5;3m[InstanceLoader] [39m[32mConfigHostModule dependencies initialized[39m[38;5;3m +1ms[39m
[32m[Nest] 39293  - [39m01/04/2026, 9:10:28 PM [32m    LOG[39m [38;5;3m[InstanceLoader] [39m[32mGatewayModule dependencies initialized[39m[38;5;3m +0ms[39m
[32m[Nest] 39293  - [39m01/04/2026, 9:10:28 PM [32m    LOG[39m [38;5;3m[InstanceLoader] [39m[32mConfigModule dependencies initialized[39m[38;5;3m +0ms[39m
[32m[Nest] 39293  - [39m01/04/2026, 9:10:28 PM [32m    LOG[39m [38;5;3m[InstanceLoader] [39m[32mPaymentsModule dependencies initialized[39m[38;5;3m +0ms[39m
[32m[Nest] 39293  - [39m01/04/2026, 9:10:28 PM [32m    LOG[39m [38;5;3m[RoutesResolver] [39m[32mPaymentsController {/payments}:[39m[38;5;3m +11ms[39m
[32m[Nest] 39293  - [39m01/04/2026, 9:10:28 PM [32m    LOG[39m [38;5;3m[RouterExplorer] [39m[32mMapped {/payments/initiate, POST} route[39m[38;5;3m +2ms[39m
[32m[Nest] 39293  - [39m01/04/2026, 9:10:28 PM [32m    LOG[39m [38;5;3m[RouterExplorer] [39m[32mMapped {/payments/confirm, POST} route[39m[38;5;3m +0ms[39m
[32m[Nest] 39293  - [39m01/04/2026, 9:10:28 PM [32m    LOG[39m [38;5;3m[RouterExplorer] [39m[32mMapped {/payments/:id, GET} route[39m[38;5;3m +0ms[39m
[32m[Nest] 39293  - [39m01/04/2026, 9:10:28 PM [32m    LOG[39m [38;5;3m[RouterExplorer] [39m[32mMapped {/payments/reservation/:reservationId, GET} route[39m[38;5;3m +0ms[39m
[32m[Nest] 39293  - [39m01/04/2026, 9:10:28 PM [32m    LOG[39m [38;5;3m[RouterExplorer] [39m[32mMapped {/payments/user/:userId, GET} route[39m[38;5;3m +1ms[39m
[32m[Nest] 39293  - [39m01/04/2026, 9:10:28 PM [32m    LOG[39m [38;5;3m[RouterExplorer] [39m[32mMapped {/payments/:id/refund, POST} route[39m[38;5;3m +0ms[39m
[32m[Nest] 39293  - [39m01/04/2026, 9:10:28 PM [32m    LOG[39m [38;5;3m[RouterExplorer] [39m[32mMapped {/payments/:id/cancel, POST} route[39m[38;5;3m +0ms[39m
[32m[Nest] 39293  - [39m01/04/2026, 9:10:28 PM [32m    LOG[39m [38;5;3m[RoutesResolver] [39m[32mGatewayController {/gateway}:[39m[38;5;3m +0ms[39m
[32m[Nest] 39293  - [39m01/04/2026, 9:10:28 PM [32m    LOG[39m [38;5;3m[RouterExplorer] [39m[32mMapped {/gateway/webhook/sslcommerz/ipn, POST} route[39m[38;5;3m [INFO] 03:42:37 Restarting: /home/bayajidswe/My-files/my-projects/jatra-railway/libs/common/interfaces/src/lib/events.interface.ts has been modified
[32m[Nest] 332506  - [39m01/05/2026, 3:42:37 AM [32m    LOG[39m [38;5;3m[NestFactory] [39m[32mStarting Nest application...[39m
[32m[Nest] 332506  - [39m01/05/2026, 3:42:38 AM [32m    LOG[39m [38;5;3m[SSLCommerzService] [39m[32m✅ SSLCommerz initialized in SANDBOX mode[39m
[32m[Nest] 332506  - [39m01/05/2026, 3:42:38 AM [32m    LOG[39m [38;5;3m[GatewayService] [39m[32m✅ Payment Gateway initialized with provider: MOCK[39m
[32m[Nest] 332506  - [39m01/05/2026, 3:42:38 AM [32m    LOG[39m [38;5;3m[InstanceLoader] [39m[32mAppModule dependencies initialized[39m[38;5;3m +2ms[39m
[32m[Nest] 332506  - [39m01/05/2026, 3:42:38 AM [32m    LOG[39m [38;5;3m[InstanceLoader] [39m[32mConfigHostModule dependencies initialized[39m[38;5;3m +0ms[39m
[32m[Nest] 332506  - [39m01/05/2026, 3:42:38 AM [32m    LOG[39m [38;5;3m[InstanceLoader] [39m[32mGatewayModule dependencies initialized[39m[38;5;3m +1ms[39m
[32m[Nest] 332506  - [39m01/05/2026, 3:42:38 AM [32m    LOG[39m [38;5;3m[InstanceLoader] [39m[32mConfigModule dependencies initialized[39m[38;5;3m +0ms[39m
[32m[Nest] 332506  - [39m01/05/2026, 3:42:38 AM [32m    LOG[39m [38;5;3m[InstanceLoader] [39m[32mPaymentsModule dependencies initialized[39m[38;5;3m +0ms[39m
[32m[Nest] 332506  - [39m01/05/2026, 3:42:38 AM [32m    LOG[39m [38;5;3m[RoutesResolver] [39m[32mPaymentsController {/payments}:[39m[38;5;3m +14ms[39m
[32m[Nest] 332506  - [39m01/05/2026, 3:42:38 AM [32m    LOG[39m [38;5;3m[RouterExplorer] [39m[32mMapped {/payments/initiate, POST} route[39m[38;5;3m +1ms[39m
[32m[Nest] 332506  - [39m01/05/2026, 3:42:38 AM [32m    LOG[39m [38;5;3m[RouterExplorer] [39m[32mMapped {/payments/confirm, POST} route[39m[38;5;3m +1ms[39m
[32m[Nest] 332506  - [39m01/05/2026, 3:42:38 AM [32m    LOG[39m [38;5;3m[RouterExplorer] [39m[32mMapped {/payments/:id, GET} route[39m[38;5;3m +0ms[39m
[32m[Nest] 332506  - [39m01/05/2026, 3:42:38 AM [32m    LOG[39m [38;5;3m[RouterExplorer] [39m[32mMapped {/payments/reservation/:reservationId, GET} route[39m[38;5;3m +0ms[39m
[32m[Nest] 332506  - [39m01/05/2026, 3:42:38 AM [32m    LOG[39m [38;5;3m[RouterExplorer] [39m[32mMapped {/payments/user/:userId, GET} route[39m[38;5;3m +0ms[39m
[32m[Nest] 332506  - [39m01/05/2026, 3:42:38 AM [32m    LOG[39m [38;5;3m[RouterExplorer] [39m[32mMapped {/payments/:id/refund, POST} route[39m[38;5;3m +0ms[39m
[32m[Nest] 332506  - [39m01/05/2026, 3:42:38 AM [32m    LOG[39m [38;5;3m[RouterExplorer] [39m[32mMapped {/payments/:id/cancel, POST} route[39m[38;5;3m +0ms[39m
[32m[Nest] 332506  - [39m01/05/2026, 3:42:38 AM [32m    LOG[39m [38;5;3m[RoutesResolver] [39m[32mGatewayController {/gateway}:[39m[38;5;3m +0ms[39m
[32m[Nest] 332506  - [39m01/05/2026, 3:42:38 AM [32m    LOG[39m [38;5;3m[RouterExplorer] [39m[32mMapped {/gateway/webhook/sslcommerz/ipn, POST} route[39m[38;5;3m +1ms[39m
[32m[Nest] 332506  - [39m01/05/2026, 3:42:38 AM [32m    LOG[39m [38;5;3m[RouterExplorer] [39m[32mMapped {/gateway/webhook, POST} route[39m[38;5;3m +0ms[39m
[32m[Nest] 332506  - [39m01/05/2026, 3:42:38 AM [32m    LOG[39m [38;5;3m[RouterExplorer] [39m[32mMapped {/gateway/status/:transactionId, GET} route[39m[38;5;3m +0ms[39m
[31m[Nest] 332506  - [39m01/05/2026, 3:42:38 AM [31m  ERROR[39m [38;5;3m[RabbitMQService] [39m[31m❌ Failed to connect to RabbitMQ[39m
[31m[Nest] 332506  - [39m01/05/2026, 3:42:38 AM [31m  ERROR[39m [38;5;3m[RabbitMQService] [39m[31mError: Handshake terminated by server: 403 (ACCESS-REFUSED) with message "ACCESS_REFUSED - Login was refused using authentication mechanism PLAIN. For details see the broker logfile."[39m
[32m[Nest] 332506  - [39m01/05/2026, 3:42:38 AM [32m    LOG[39m [38;5;3m[NestApplication] [39m[32mNest application successfully started[39m[38;5;3m +62ms[39m
💳 Payment Service is running on: http://localhost:3004
📚 Swagger docs available at: http://localhost:3004/api/docs
[INFO] 03:44:20 Restarting: /home/bayajidswe/My-files/my-projects/jatra-railway/libs/common/interfaces/src/lib/events.interface.ts has been modified
[32m[Nest] 334580  - [39m01/05/2026, 3:44:22 AM [32m    LOG[39m [38;5;3m[NestFactory] [39m[32mStarting Nest application...[39m
[32m[Nest] 334580  - [39m01/05/2026, 3:44:22 AM [32m    LOG[39m [38;5;3m[SSLCommerzService] [39m[32m✅ SSLCommerz initialized in SANDBOX mode[39m
[32m[Nest] 334580  - [39m01/05/2026, 3:44:22 AM [32m    LOG[39m [38;5;3m[GatewayService] [39m[32m✅ Payment Gateway initialized with provider: MOCK[39m
[32m[Nest] 334580  - [39m01/05/2026, 3:44:22 AM [32m    LOG[39m [38;5;3m[InstanceLoader] [39m[32mAppModule dependencies initialized[39m[38;5;3m +6ms[39m
[32m[Nest] 334580  - [39m01/05/2026, 3:44:22 AM [32m    LOG[39m [38;5;3m[InstanceLoader] [39m[32mConfigHostModule dependencies initialized[39m[38;5;3m +1ms[39m
[32m[Nest] 334580  - [39m01/05/2026, 3:44:22 AM [32m    LOG[39m [38;5;3m[InstanceLoader] [39m[32mGatewayModule dependencies initialized[39m[38;5;3m +1ms[39m
[32m[Nest] 334580  - [39m01/05/2026, 3:44:22 AM [32m    LOG[39m [38;5;3m[InstanceLoader] [39m[32mConfigModule dependencies initialized[39m[38;5;3m +0ms[39m
[32m[Nest] 334580  - [39m01/05/2026, 3:44:22 AM [32m    LOG[39m [38;5;3m[InstanceLoader] [39m[32mPaymentsModule dependencies initialized[39m[38;5;3m +1ms[39m
[32m[Nest] 334580  - [39m01/05/2026, 3:44:22 AM [32m    LOG[39m [38;5;3m[RoutesResolver] [39m[32mPaymentsController {/payments}:[39m[38;5;3m +37ms[39m
[32m[Nest] 334580  - [39m01/05/2026, 3:44:22 AM [32m    LOG[39m [38;5;3m[RouterExplorer] [39m[32mMapped {/payments/initiate, POST} route[39m[38;5;3m +3ms[39m
[32m[Nest] 334580  - [39m01/05/2026, 3:44:22 AM [32m    LOG[39m [38;5;3m[RouterExplorer] [39m[32mMapped {/payments/confirm, POST} route[39m[38;5;3m +1ms[39m
[32m[Nest] 334580  - [39m01/05/2026, 3:44:22 AM [32m    LOG[39m [38;5;3m[RouterExplorer] [39m[32mMapped {/payments/:id, GET} route[39m[38;5;3m +1ms[39m
[32m[Nest] 334580  - [39m01/05/2026, 3:44:22 AM [32m    LOG[39m [38;5;3m[RouterExplorer] [39m[32mMapped {/payments/reservation/:reservationId, GET} route[39m[38;5;3m +1ms[39m
[32m[Nest] 334580  - [39m01/05/2026, 3:44:22 AM [32m    LOG[39m [38;5;3m[RouterExplorer] [39m[32mMapped {/payments/user/:userId, GET} route[39m[38;5;3m +0ms[39m
[32m[Nest] 334580  - [39m01/05/2026, 3:44:22 AM [32m    LOG[39m [38;5;3m[RouterExplorer] [39m[32mMapped {/payments/:id/refund, POST} route[39m[38;5;3m +0ms[39m
[32m[Nest] 334580  - [39m01/05/2026, 3:44:22 AM [32m    LOG[39m [38;5;3m[RouterExplorer] [39m[32mMapped {/payments/:id/cancel, POST} route[39m[38;5;3m +0ms[39m
[32m[Nest] 334580  - [39m01/05/2026, 3:44:22 AM [32m    LOG[39m [38;5;3m[RoutesResolver] [39m[32mGatewayController {/gateway}:[39m[38;5;3m +1ms[39m
[32m[Nest] 334580  - [39m01/05/2026, 3:44:22 AM [32m    LOG[39m [38;5;3m[RouterExplorer] [39m[32mMapped {/gateway/webhook/sslcommerz/ipn, POST} route[39m[38;5;3m +0ms[39m
[32m[Nest] 334580  - [39m01/05/2026, 3:44:22 AM [32m    LOG[39m [38;5;3m[RouterExplorer] [39m[32mMapped {/gateway/webhook, POST} route[39m[38;5;3m +0ms[39m
[32m[Nest] 334580  - [39m01/05/2026, 3:44:22 AM [32m    LOG[39m [38;5;3m[RouterExplorer] [39m[32mMapped {/gateway/status/:transactionId, GET} route[39m[38;5;3m +1ms[39m
[31m[Nest] 334580  - [39m01/05/2026, 3:44:22 AM [31m  ERROR[39m [38;5;3m[RabbitMQService] [39m[31m❌ Failed to connect to RabbitMQ[39m
[31m[Nest] 334580  - [39m01/05/2026, 3:44:22 AM [31m  ERROR[39m [38;5;3m[RabbitMQService] [39m[31mError: Handshake terminated by server: 403 (ACCESS-REFUSED) with message "ACCESS_REFUSED - Login was refused using authentication mechanism PLAIN. For details see the broker logfile."[39m
[32m[Nest] 334580  - [39m01/05/2026, 3:44:22 AM [32m    LOG[39m [38;5;3m[NestApplication] [39m[32mNest application successfully started[39m[38;5;3m +80ms[39m
💳 Payment Service is running on: http://localhost:3004
📚 Swagger docs available at: http://localhost:3004/api/docs
[INFO] 03:46:22 Restarting: /home/bayajidswe/My-files/my-projects/jatra-railway/libs/common/interfaces/src/lib/events.interface.ts has been modified
[32m[Nest] 337367  - [39m01/05/2026, 3:46:24 AM [32m    LOG[39m [38;5;3m[NestFactory] [39m[32mStarting Nest application...[39m
[32m[Nest] 337367  - [39m01/05/2026, 3:46:24 AM [32m    LOG[39m [38;5;3m[SSLCommerzService] [39m[32m✅ SSLCommerz initialized in SANDBOX mode[39m
[32m[Nest] 337367  - [39m01/05/2026, 3:46:24 AM [32m    LOG[39m [38;5;3m[GatewayService] [39m[32m✅ Payment Gateway initialized with provider: MOCK[39m
[32m[Nest] 337367  - [39m01/05/2026, 3:46:24 AM [32m    LOG[39m [38;5;3m[InstanceLoader] [39m[32mAppModule dependencies initialized[39m[38;5;3m +6ms[39m
[32m[Nest] 337367  - [39m01/05/2026, 3:46:24 AM [32m    LOG[39m [38;5;3m[InstanceLoader] [39m[32mConfigHostModule dependencies initialized[39m[38;5;3m +1ms[39m
[32m[Nest] 337367  - [39m01/05/2026, 3:46:24 AM [32m    LOG[39m [38;5;3m[InstanceLoader] [39m[32mGatewayModule dependencies initialized[39m[38;5;3m +0ms[39m
[32m[Nest] 337367  - [39m01/05/2026, 3:46:24 AM [32m    LOG[39m [38;5;3m[InstanceLoader] [39m[32mConfigModule dependencies initialized[39m[38;5;3m +1ms[39m
[32m[Nest] 337367  - [39m01/05/2026, 3:46:24 AM [32m    LOG[39m [38;5;3m[InstanceLoader] [39m[32mPaymentsModule dependencies initialized[39m[38;5;3m +0ms[39m
[32m[Nest] 337367  - [39m01/05/2026, 3:46:24 AM [32m    LOG[39m [38;5;3m[RoutesResolver] [39m[32mPaymentsController {/payments}:[39m[38;5;3m +29ms[39m
[32m[Nest] 337367  - [39m01/05/2026, 3:46:24 AM [32m    LOG[39m [38;5;3m[RouterExplorer] [39m[32mMapped {/payments/initiate, POST} route[39m[38;5;3m +3ms[39m
[32m[Nest] 337367  - [39m01/05/2026, 3:46:24 AM [32m    LOG[39m [38;5;3m[RouterExplorer] [39m[32mMapped {/payments/confirm, POST} route[39m[38;5;3m +1ms[39m
[32m[Nest] 337367  - [39m01/05/2026, 3:46:24 AM [32m    LOG[39m [38;5;3m[RouterExplorer] [39m[32mMapped {/payments/:id, GET} route[39m[38;5;3m +1ms[39m
[32m[Nest] 337367  - [39m01/05/2026, 3:46:24 AM [32m    LOG[39m [38;5;3m[RouterExplorer] [39m[32mMapped {/payments/reservation/:reservationId, GET} route[39m[38;5;3m +0ms[39m
[32m[Nest] 337367  - [39m01/05/2026, 3:46:24 AM [32m    LOG[39m [38;5;3m[RouterExplorer] [39m[32mMapped {/payments/user/:userId, GET} route[39m[38;5;3m +1ms[39m
[32m[Nest] 337367  - [39m01/05/2026, 3:46:24 AM [32m    LOG[39m [38;5;3m[RouterExplorer] [39m[32mMapped {/payments/:id/refund, POST} route[39m[38;5;3m +0ms[39m
[32m[Nest] 337367  - [39m01/05/2026, 3:46:24 AM [32m    LOG[39m [38;5;3m[RouterExplorer] [39m[32mMapped {/payments/:id/cancel, POST} route[39m[38;5;3m +0ms[39m
[32m[Nest] 337367  - [39m01/05/2026, 3:46:24 AM [32m    LOG[39m [38;5;3m[RoutesResolver] [39m[32mGatewayController {/gateway}:[39m[38;5;3m +1ms[39m
[32m[Nest] 337367  - [39m01/05/2026, 3:46:24 AM [32m    LOG[39m [38;5;3m[RouterExplorer] [39m[32mMapped {/gateway/webhook/sslcommerz/ipn, POST} route[39m[38;5;3m +0ms[39m
[32m[Nest] 337367  - [39m01/05/2026, 3:46:24 AM [32m    LOG[39m [38;5;3m[RouterExplorer] [39m[32mMapped {/gateway/webhook, POST} route[39m[38;5;3m +1ms[39m
[32m[Nest] 337367  - [39m01/05/2026, 3:46:24 AM [32m    LOG[39m [38;5;3m[RouterExplorer] [39m[32mMapped {/gateway/status/:transactionId, GET} route[39m[38;5;3m +0ms[39m
[31m[Nest] 337367  - [39m01/05/2026, 3:46:24 AM [31m  ERROR[39m [38;5;3m[RabbitMQService] [39m[31m❌ Failed to connect to RabbitMQ[39m
[31m[Nest] 337367  - [39m01/05/2026, 3:46:24 AM [31m  ERROR[39m [38;5;3m[RabbitMQService] [39m[31mError: Handshake terminated by server: 403 (ACCESS-REFUSED) with message "ACCESS_REFUSED - Login was refused using authentication mechanism PLAIN. For details see the broker logfile."[39m
[32m[Nest] 337367  - [39m01/05/2026, 3:46:24 AM [32m    LOG[39m [38;5;3m[NestApplication] [39m[32mNest application successfully started[39m[38;5;3m +81ms[39m
💳 Payment Service is running on: http://localhost:3004
📚 Swagger docs available at: http://localhost:3004/api/docs
