
> schedule-service@1.0.0 start:dev /home/bayajidswe/My-files/my-projects/jatra-railway/apps/schedule-service
> ts-node-dev -r tsconfig-paths/register --respawn --transpile-only src/main.ts

[INFO] 21:05:48 ts-node-dev ver. 2.0.0 (using ts-node ver. 10.9.2, typescript ver. 5.9.3)
[32m[Nest] 34228  - [39m01/04/2026, 9:05:50 PM [32m    LOG[39m [38;5;3m[NestFactory] [39m[32mStarting Nest application...[39m
[32m[Nest] 34228  - [39m01/04/2026, 9:05:50 PM [32m    LOG[39m [38;5;3m[InstanceLoader] [39m[32mAppModule dependencies initialized[39m[38;5;3m +28ms[39m
[32m[Nest] 34228  - [39m01/04/2026, 9:05:50 PM [32m    LOG[39m [38;5;3m[InstanceLoader] [39m[32mConfigHostModule dependencies initialized[39m[38;5;3m +1ms[39m
[32m[Nest] 34228  - [39m01/04/2026, 9:05:50 PM [32m    LOG[39m [38;5;3m[InstanceLoader] [39m[32mTrainsModule dependencies initialized[39m[38;5;3m +1ms[39m
[32m[Nest] 34228  - [39m01/04/2026, 9:05:50 PM [32m    LOG[39m [38;5;3m[InstanceLoader] [39m[32mStationsModule dependencies initialized[39m[38;5;3m +0ms[39m
[32m[Nest] 34228  - [39m01/04/2026, 9:05:50 PM [32m    LOG[39m [38;5;3m[InstanceLoader] [39m[32mRoutesModule dependencies initialized[39m[38;5;3m +0ms[39m
[32m[Nest] 34228  - [39m01/04/2026, 9:05:50 PM [32m    LOG[39m [38;5;3m[InstanceLoader] [39m[32mJourneysModule dependencies initialized[39m[38;5;3m +0ms[39m
[32m[Nest] 34228  - [39m01/04/2026, 9:05:50 PM [32m    LOG[39m [38;5;3m[InstanceLoader] [39m[32mConfigModule dependencies initialized[39m[38;5;3m +0ms[39m
[32m[Nest] 34228  - [39m01/04/2026, 9:05:50 PM [32m    LOG[39m [38;5;3m[RoutesResolver] [39m[32mTrainsController {/trains}:[39m[38;5;3m +33ms[39m
[32m[Nest] 34228  - [39m01/04/2026, 9:05:50 PM [32m    LOG[39m [38;5;3m[RouterExplorer] [39m[32mMapped {/trains, POST} route[39m[38;5;3m +3ms[39m
[32m[Nest] 34228  - [39m01/04/2026, 9:05:50 PM [32m    LOG[39m [38;5;3m[RouterExplorer] [39m[32mMapped {/trains, GET} route[39m[38;5;3m +1ms[39m
[32m[Nest] 34228  - [39m01/04/2026, 9:05:50 PM [32m    LOG[39m [38;5;3m[RouterExplorer] [39m[32mMapped {/trains/:id, GET} route[39m[38;5;3m +1ms[39m
[32m[Nest] 34228  - [39m01/04/2026, 9:05:50 PM [32m    LOG[39m [38;5;3m[RouterExplorer] [39m[32mMapped {/trains/number/:trainNumber, GET} route[39m[38;5;3m +0ms[39m
[32m[Nest] 34228  - [39m01/04/2026, 9:05:50 PM [32m    LOG[39m [38;5;3m[RoutesResolver] [39m[32mStationsController {/stations}:[39m[38;5;3m +0ms[39m
[32m[Nest] 34228  - [39m01/04/2026, 9:05:50 PM [32m    LOG[39m [38;5;3m[RouterExplorer] [39m[32mMapped {/stations, POST} route[39m[38;5;3m +1ms[39m
[32m[Nest] 34228  - [39m01/04/2026, 9:05:50 PM [32m    LOG[39m [38;5;3m[RouterExplorer] [39m[32mMapped {/stations, GET} route[39m[38;5;3m +0ms[39m
[32m[Nest] 34228  - [39m01/04/2026, 9:05:50 PM [32m    LOG[39m [38;5;3m[RouterExplorer] [39m[32mMapped {/stations/:id, GET} route[39m[38;5;3m +0ms[39m
[32m[Nest] 34228  - [39m01/04/2026, 9:05:50 PM [32m    LOG[39m [38;5;3m[RouterExplorer] [39m[32mMapped {/stations/code/:code, GET} route[39m[38;5;3m +1ms[39m
[32m[Nest] 34228  - [39m01/04/2026, 9:05:50 PM [32m    LOG[39m [38;5;3m[RoutesResolver] [39m[32mRoutesController {/routes}:[39m[38;5;3m +0ms[39m
[32m[Nest] 34228  - [39m01/04/2026, 9:05:50 PM [32m    LOG[39m [38;5;3m[RouterExplorer] [39m[32mMapped {/routes, POST} route[39m[38;5;3m +0ms[39m
[32m[Nest] 34228  - [39m01/04/2026, 9:05:50 PM [32m    LOG[39m [38;5;3m[RouterExplorer] [39m[32mMapped {/routes, GET} route[39m[38;5;3m +1ms[39m
[32m[Nest] 34228  - [39m01/04/2026, 9:05:50 PM [32m    LOG[39m [38;5;3m[RouterExplorer] [39m[32mMapped {/routes/:id, GET} route[39m[38;5;3m +0ms[39m
[32m[Nest] 34228  - [39m01/04/2026, 9:05:50 PM [32m    LOG[39m [38;5;3m[RoutesResolver] [39m[32mJourneysController {/journeys}:[39m[38;5;3m +0ms[39m
[32m[Nest] 34228  - [39m01/04/2026, 9:05:50 PM [32m    LOG[39m [38;5;3m[RouterExplorer] [39m[32mMapped {/journeys, POST} route[39m[38;5;3m +0ms[39m
[32m[Nest] 34228  - [39m01/04/2026, 9:05:50 PM [32m    LOG[39m [38;5;3m[RouterExplorer] [39m[32mMapped {/journeys/search, GET} route[39m[38;5;3m +0ms[39m
[32m[Nest] 34228  - [39m01/04/2026, 9:05:50 PM [32m    LOG[39m [38;5;3m[RouterExplorer] [39m[32mMapped {/journeys/:id, GET} route[39m[38;5;3m +1ms[39m
[32m[Nest] 34228  - [39m01/04/2026, 9:05:50 PM [32m    LOG[39m [38;5;3m[RouterExplorer] [39m[32mMapped {/journeys/train/:trainId, GET} route[39m[38;5;3m +0ms[39m
prisma:info Starting a postgresql pool with 21 connections.
prisma:info Starting a postgresql pool with 21 connections.
prisma:info Starting a postgresql pool with 21 connections.
prisma:info Starting a postgresql pool with 21 connections.
[32m[Nest] 34228  - [39m01/04/2026, 9:05:50 PM [32m    LOG[39m [38;5;3m[NestApplication] [39m[32mNest application successfully started[39m[38;5;3m +251ms[39m
🚂 Schedule Service is running on: http://localhost:3002
📚 Swagger docs available at: http://localhost:3002/api/docs
