
> @jatra/search-service@1.0.0 start:dev /home/bayajidswe/My-files/my-projects/jatra-railway/apps/search-service
> ts-node-dev -r tsconfig-paths/register --respawn --transpile-only src/main.ts

[INFO] 13:15:43 ts-node-dev ver. 2.0.0 (using ts-node ver. 10.9.2, typescript ver. 5.9.3)
[32m[Nest] 218305  - [39m01/06/2026, 1:15:45 PM [32m    LOG[39m [38;5;3m[NestFactory] [39m[32mStarting Nest application...[39m
[32m[Nest] 218305  - [39m01/06/2026, 1:15:45 PM [32m    LOG[39m [38;5;3m[InstanceLoader] [39m[32mAppModule dependencies initialized[39m[38;5;3m +28ms[39m
[32m[Nest] 218305  - [39m01/06/2026, 1:15:45 PM [32m    LOG[39m [38;5;3m[InstanceLoader] [39m[32mPrismaModule dependencies initialized[39m[38;5;3m +1ms[39m
[32m[Nest] 218305  - [39m01/06/2026, 1:15:45 PM [32m    LOG[39m [38;5;3m[InstanceLoader] [39m[32mConfigHostModule dependencies initialized[39m[38;5;3m +5ms[39m
[32m[Nest] 218305  - [39m01/06/2026, 1:15:45 PM [32m    LOG[39m [38;5;3m[InstanceLoader] [39m[32mConfigModule dependencies initialized[39m[38;5;3m +0ms[39m
🔗 Connecting to Redis at localhost:6379 (DB 1)
✅ Redis connected successfully
✅ Redis ready for commands
[32m[Nest] 218305  - [39m01/06/2026, 1:15:46 PM [32m    LOG[39m [38;5;3m[InstanceLoader] [39m[32mRedisModule dependencies initialized[39m[38;5;3m +108ms[39m
[32m[Nest] 218305  - [39m01/06/2026, 1:15:46 PM [32m    LOG[39m [38;5;3m[InstanceLoader] [39m[32mSearchModule dependencies initialized[39m[38;5;3m +1ms[39m
[32m[Nest] 218305  - [39m01/06/2026, 1:15:46 PM [32m    LOG[39m [38;5;3m[RoutesResolver] [39m[32mSearchController {/search}:[39m[38;5;3m +20ms[39m
[32m[Nest] 218305  - [39m01/06/2026, 1:15:46 PM [32m    LOG[39m [38;5;3m[RouterExplorer] [39m[32mMapped {/search/journeys, GET} route[39m[38;5;3m +3ms[39m
[32m[Nest] 218305  - [39m01/06/2026, 1:15:46 PM [32m    LOG[39m [38;5;3m[RouterExplorer] [39m[32mMapped {/search/popular-routes, GET} route[39m[38;5;3m +1ms[39m
[32m[Nest] 218305  - [39m01/06/2026, 1:15:46 PM [32m    LOG[39m [38;5;3m[RouterExplorer] [39m[32mMapped {/search/autocomplete/stations, GET} route[39m[38;5;3m +0ms[39m
[32m[Nest] 218305  - [39m01/06/2026, 1:15:46 PM [32m    LOG[39m [38;5;3m[RouterExplorer] [39m[32mMapped {/search/stations, GET} route[39m[38;5;3m +1ms[39m
[32m[Nest] 218305  - [39m01/06/2026, 1:15:46 PM [32m    LOG[39m [38;5;3m[RoutesResolver] [39m[32mCacheController {/search/cache}:[39m[38;5;3m +0ms[39m
[32m[Nest] 218305  - [39m01/06/2026, 1:15:46 PM [32m    LOG[39m [38;5;3m[RouterExplorer] [39m[32mMapped {/search/cache/invalidate, POST} route[39m[38;5;3m +0ms[39m
[32m[Nest] 218305  - [39m01/06/2026, 1:15:46 PM [32m    LOG[39m [38;5;3m[RouterExplorer] [39m[32mMapped {/search/cache/clear, DELETE} route[39m[38;5;3m +0ms[39m
[32m[Nest] 218305  - [39m01/06/2026, 1:15:46 PM [32m    LOG[39m [38;5;3m[RouterExplorer] [39m[32mMapped {/search/cache/stats, GET} route[39m[38;5;3m +1ms[39m
[32m[Nest] 218305  - [39m01/06/2026, 1:15:46 PM [32m    LOG[39m [38;5;3m[RoutesResolver] [39m[32mAnalyticsController {/search/analytics}:[39m[38;5;3m +0ms[39m
[32m[Nest] 218305  - [39m01/06/2026, 1:15:46 PM [32m    LOG[39m [38;5;3m[RouterExplorer] [39m[32mMapped {/search/analytics/popular-searches, GET} route[39m[38;5;3m +0ms[39m
[32m[Nest] 218305  - [39m01/06/2026, 1:15:46 PM [32m    LOG[39m [38;5;3m[NestApplication] [39m[32mNest application successfully started[39m[38;5;3m +113ms[39m
🚀 Search Service is running on: http://localhost:3009
📚 Swagger documentation: http://localhost:3009/api/docs
🔍 Redis caching enabled for optimized searches
[32m[Nest] 218305  - [39m01/06/2026, 1:23:23 PM [32m    LOG[39m [38;5;3m[SearchService] [39m[32mCache miss for journey search: search:journey:a24acffe-c6f8-4540-8945-47a57a232876:e99de573-784b-463f-b9ed-53815016b105:2026-01-07:1:10[39m
prisma:query SELECT "public"."stations"."id", "public"."stations"."code", "public"."stations"."name", "public"."stations"."city", "public"."stations"."district", "public"."stations"."latitude", "public"."stations"."longitude", "public"."stations"."isActive", "public"."stations"."createdAt", "public"."stations"."updatedAt" FROM "public"."stations" WHERE ("public"."stations"."id" = $1 AND 1=1) LIMIT $2 OFFSET $3
prisma:query SELECT "public"."stations"."id", "public"."stations"."code", "public"."stations"."name", "public"."stations"."city", "public"."stations"."district", "public"."stations"."latitude", "public"."stations"."longitude", "public"."stations"."isActive", "public"."stations"."createdAt", "public"."stations"."updatedAt" FROM "public"."stations" WHERE ("public"."stations"."id" = $1 AND 1=1) LIMIT $2 OFFSET $3
prisma:query SELECT "public"."routes"."id", "public"."routes"."routeName", "public"."routes"."totalDistance", "public"."routes"."isActive", "public"."routes"."createdAt", "public"."routes"."updatedAt" FROM "public"."routes" WHERE EXISTS(SELECT "t0"."routeId" FROM "public"."route_stops" AS "t0" WHERE (("t0"."fromStationId" = $1 OR "t0"."toStationId" = $2) AND ("public"."routes"."id") = ("t0"."routeId") AND "t0"."routeId" IS NOT NULL)) OFFSET $3
prisma:query SELECT "public"."route_stops"."id", "public"."route_stops"."routeId", "public"."route_stops"."fromStationId", "public"."route_stops"."toStationId", "public"."route_stops"."stopOrder", "public"."route_stops"."distanceFromStart", "public"."route_stops"."durationMinutes", "public"."route_stops"."createdAt", "public"."route_stops"."updatedAt" FROM "public"."route_stops" WHERE "public"."route_stops"."routeId" IN ($1,$2,$3,$4,$5,$6,$7,$8,$9,$10,$11,$12) ORDER BY "public"."route_stops"."stopOrder" ASC OFFSET $13
prisma:query SELECT "public"."stations"."id", "public"."stations"."code", "public"."stations"."name", "public"."stations"."city", "public"."stations"."district", "public"."stations"."latitude", "public"."stations"."longitude", "public"."stations"."isActive", "public"."stations"."createdAt", "public"."stations"."updatedAt" FROM "public"."stations" WHERE "public"."stations"."id" IN ($1) OFFSET $2
prisma:query SELECT "public"."stations"."id", "public"."stations"."code", "public"."stations"."name", "public"."stations"."city", "public"."stations"."district", "public"."stations"."latitude", "public"."stations"."longitude", "public"."stations"."isActive", "public"."stations"."createdAt", "public"."stations"."updatedAt" FROM "public"."stations" WHERE "public"."stations"."id" IN ($1,$2,$3) OFFSET $4
prisma:query SELECT COUNT(*) AS "_count$_all" FROM (SELECT "public"."journeys"."id" FROM "public"."journeys" WHERE ("public"."journeys"."routeId" IN ($1,$2,$3,$4) AND "public"."journeys"."departureTime" >= $5 AND "public"."journeys"."departureTime" < $6) OFFSET $7) AS "sub"
prisma:query SELECT "public"."journeys"."id", "public"."journeys"."trainId", "public"."journeys"."routeId", "public"."journeys"."departureTime", "public"."journeys"."arrivalTime", "public"."journeys"."journeyDate", "public"."journeys"."status"::text, "public"."journeys"."availableSeats", "public"."journeys"."totalSeats", "public"."journeys"."createdAt", "public"."journeys"."updatedAt" FROM "public"."journeys" WHERE ("public"."journeys"."routeId" IN ($1,$2,$3,$4) AND "public"."journeys"."departureTime" >= $5 AND "public"."journeys"."departureTime" < $6) ORDER BY "public"."journeys"."departureTime" ASC LIMIT $7 OFFSET $8
prisma:query SELECT "public"."trains"."id", "public"."trains"."trainNumber", "public"."trains"."name", "public"."trains"."type"::text, "public"."trains"."isActive", "public"."trains"."createdAt", "public"."trains"."updatedAt" FROM "public"."trains" WHERE "public"."trains"."id" IN ($1) OFFSET $2
prisma:query SELECT "public"."coaches"."id", "public"."coaches"."trainId", "public"."coaches"."coachCode", "public"."coaches"."coachType"::text, "public"."coaches"."totalSeats", "public"."coaches"."createdAt", "public"."coaches"."updatedAt" FROM "public"."coaches" WHERE "public"."coaches"."trainId" IN ($1) OFFSET $2
prisma:query SELECT "public"."seats"."id", "public"."seats"."coachId", "public"."seats"."seatNumber", "public"."seats"."seatType"::text, "public"."seats"."baseFare", "public"."seats"."createdAt", "public"."seats"."updatedAt" FROM "public"."seats" WHERE "public"."seats"."coachId" IN ($1,$2,$3) OFFSET $4
prisma:query SELECT "public"."routes"."id", "public"."routes"."routeName", "public"."routes"."totalDistance", "public"."routes"."isActive", "public"."routes"."createdAt", "public"."routes"."updatedAt" FROM "public"."routes" WHERE "public"."routes"."id" IN ($1) OFFSET $2
prisma:query SELECT "public"."route_stops"."id", "public"."route_stops"."routeId", "public"."route_stops"."fromStationId", "public"."route_stops"."toStationId", "public"."route_stops"."stopOrder", "public"."route_stops"."distanceFromStart", "public"."route_stops"."durationMinutes", "public"."route_stops"."createdAt", "public"."route_stops"."updatedAt" FROM "public"."route_stops" WHERE "public"."route_stops"."routeId" IN ($1) ORDER BY "public"."route_stops"."stopOrder" ASC OFFSET $2
prisma:query SELECT "public"."stations"."id", "public"."stations"."code", "public"."stations"."name", "public"."stations"."city", "public"."stations"."district", "public"."stations"."latitude", "public"."stations"."longitude", "public"."stations"."isActive", "public"."stations"."createdAt", "public"."stations"."updatedAt" FROM "public"."stations" WHERE "public"."stations"."id" IN ($1) OFFSET $2
prisma:query SELECT "public"."stations"."id", "public"."stations"."code", "public"."stations"."name", "public"."stations"."city", "public"."stations"."district", "public"."stations"."latitude", "public"."stations"."longitude", "public"."stations"."isActive", "public"."stations"."createdAt", "public"."stations"."updatedAt" FROM "public"."stations" WHERE "public"."stations"."id" IN ($1) OFFSET $2
prisma:query SELECT "public"."reservations"."id", "public"."reservations"."seatIds", "public"."reservations"."journeyId" FROM "public"."reservations" WHERE ("public"."reservations"."status" IN (CAST($1::text AS "public"."ReservationStatus"),CAST($2::text AS "public"."ReservationStatus")) AND "public"."reservations"."journeyId" IN ($3)) OFFSET $4
[32m[Nest] 218305  - [39m01/06/2026, 1:23:50 PM [32m    LOG[39m [38;5;3m[SearchService] [39m[32mCache miss for journey search: search:journey:a24acffe-c6f8-4540-8945-47a57a232876:e99de573-784b-463f-b9ed-53815016b105:2026-01-06:1:10[39m
prisma:query SELECT 1
prisma:query SELECT "public"."stations"."id", "public"."stations"."code", "public"."stations"."name", "public"."stations"."city", "public"."stations"."district", "public"."stations"."latitude", "public"."stations"."longitude", "public"."stations"."isActive", "public"."stations"."createdAt", "public"."stations"."updatedAt" FROM "public"."stations" WHERE ("public"."stations"."id" = $1 AND 1=1) LIMIT $2 OFFSET $3
prisma:query SELECT "public"."stations"."id", "public"."stations"."code", "public"."stations"."name", "public"."stations"."city", "public"."stations"."district", "public"."stations"."latitude", "public"."stations"."longitude", "public"."stations"."isActive", "public"."stations"."createdAt", "public"."stations"."updatedAt" FROM "public"."stations" WHERE ("public"."stations"."id" = $1 AND 1=1) LIMIT $2 OFFSET $3
prisma:query SELECT "public"."routes"."id", "public"."routes"."routeName", "public"."routes"."totalDistance", "public"."routes"."isActive", "public"."routes"."createdAt", "public"."routes"."updatedAt" FROM "public"."routes" WHERE EXISTS(SELECT "t0"."routeId" FROM "public"."route_stops" AS "t0" WHERE (("t0"."fromStationId" = $1 OR "t0"."toStationId" = $2) AND ("public"."routes"."id") = ("t0"."routeId") AND "t0"."routeId" IS NOT NULL)) OFFSET $3
prisma:query SELECT "public"."route_stops"."id", "public"."route_stops"."routeId", "public"."route_stops"."fromStationId", "public"."route_stops"."toStationId", "public"."route_stops"."stopOrder", "public"."route_stops"."distanceFromStart", "public"."route_stops"."durationMinutes", "public"."route_stops"."createdAt", "public"."route_stops"."updatedAt" FROM "public"."route_stops" WHERE "public"."route_stops"."routeId" IN ($1,$2,$3,$4,$5,$6,$7,$8,$9,$10,$11,$12) ORDER BY "public"."route_stops"."stopOrder" ASC OFFSET $13
prisma:query SELECT "public"."stations"."id", "public"."stations"."code", "public"."stations"."name", "public"."stations"."city", "public"."stations"."district", "public"."stations"."latitude", "public"."stations"."longitude", "public"."stations"."isActive", "public"."stations"."createdAt", "public"."stations"."updatedAt" FROM "public"."stations" WHERE "public"."stations"."id" IN ($1) OFFSET $2
prisma:query SELECT "public"."stations"."id", "public"."stations"."code", "public"."stations"."name", "public"."stations"."city", "public"."stations"."district", "public"."stations"."latitude", "public"."stations"."longitude", "public"."stations"."isActive", "public"."stations"."createdAt", "public"."stations"."updatedAt" FROM "public"."stations" WHERE "public"."stations"."id" IN ($1,$2,$3) OFFSET $4
prisma:query SELECT COUNT(*) AS "_count$_all" FROM (SELECT "public"."journeys"."id" FROM "public"."journeys" WHERE ("public"."journeys"."routeId" IN ($1,$2,$3,$4) AND "public"."journeys"."departureTime" >= $5 AND "public"."journeys"."departureTime" < $6) OFFSET $7) AS "sub"
prisma:query SELECT "public"."journeys"."id", "public"."journeys"."trainId", "public"."journeys"."routeId", "public"."journeys"."departureTime", "public"."journeys"."arrivalTime", "public"."journeys"."journeyDate", "public"."journeys"."status"::text, "public"."journeys"."availableSeats", "public"."journeys"."totalSeats", "public"."journeys"."createdAt", "public"."journeys"."updatedAt" FROM "public"."journeys" WHERE ("public"."journeys"."routeId" IN ($1,$2,$3,$4) AND "public"."journeys"."departureTime" >= $5 AND "public"."journeys"."departureTime" < $6) ORDER BY "public"."journeys"."departureTime" ASC LIMIT $7 OFFSET $8
prisma:query SELECT "public"."trains"."id", "public"."trains"."trainNumber", "public"."trains"."name", "public"."trains"."type"::text, "public"."trains"."isActive", "public"."trains"."createdAt", "public"."trains"."updatedAt" FROM "public"."trains" WHERE "public"."trains"."id" IN ($1) OFFSET $2
prisma:query SELECT "public"."coaches"."id", "public"."coaches"."trainId", "public"."coaches"."coachCode", "public"."coaches"."coachType"::text, "public"."coaches"."totalSeats", "public"."coaches"."createdAt", "public"."coaches"."updatedAt" FROM "public"."coaches" WHERE "public"."coaches"."trainId" IN ($1) OFFSET $2
prisma:query SELECT "public"."seats"."id", "public"."seats"."coachId", "public"."seats"."seatNumber", "public"."seats"."seatType"::text, "public"."seats"."baseFare", "public"."seats"."createdAt", "public"."seats"."updatedAt" FROM "public"."seats" WHERE "public"."seats"."coachId" IN ($1,$2,$3) OFFSET $4
prisma:query SELECT "public"."routes"."id", "public"."routes"."routeName", "public"."routes"."totalDistance", "public"."routes"."isActive", "public"."routes"."createdAt", "public"."routes"."updatedAt" FROM "public"."routes" WHERE "public"."routes"."id" IN ($1) OFFSET $2
prisma:query SELECT "public"."route_stops"."id", "public"."route_stops"."routeId", "public"."route_stops"."fromStationId", "public"."route_stops"."toStationId", "public"."route_stops"."stopOrder", "public"."route_stops"."distanceFromStart", "public"."route_stops"."durationMinutes", "public"."route_stops"."createdAt", "public"."route_stops"."updatedAt" FROM "public"."route_stops" WHERE "public"."route_stops"."routeId" IN ($1) ORDER BY "public"."route_stops"."stopOrder" ASC OFFSET $2
prisma:query SELECT "public"."stations"."id", "public"."stations"."code", "public"."stations"."name", "public"."stations"."city", "public"."stations"."district", "public"."stations"."latitude", "public"."stations"."longitude", "public"."stations"."isActive", "public"."stations"."createdAt", "public"."stations"."updatedAt" FROM "public"."stations" WHERE "public"."stations"."id" IN ($1) OFFSET $2
prisma:query SELECT "public"."stations"."id", "public"."stations"."code", "public"."stations"."name", "public"."stations"."city", "public"."stations"."district", "public"."stations"."latitude", "public"."stations"."longitude", "public"."stations"."isActive", "public"."stations"."createdAt", "public"."stations"."updatedAt" FROM "public"."stations" WHERE "public"."stations"."id" IN ($1) OFFSET $2
prisma:query SELECT "public"."reservations"."id", "public"."reservations"."seatIds", "public"."reservations"."journeyId" FROM "public"."reservations" WHERE ("public"."reservations"."status" IN (CAST($1::text AS "public"."ReservationStatus"),CAST($2::text AS "public"."ReservationStatus")) AND "public"."reservations"."journeyId" IN ($3)) OFFSET $4
[32m[Nest] 218305  - [39m01/06/2026, 1:23:50 PM [32m    LOG[39m [38;5;3m[SearchService] [39m[32mCache hit for journey search: search:journey:a24acffe-c6f8-4540-8945-47a57a232876:e99de573-784b-463f-b9ed-53815016b105:2026-01-06:1:10[39m
