
> ticket-service@1.0.0 start:dev /home/bayajidswe/My-files/my-projects/jatra-railway/apps/ticket-service
> ts-node-dev -r tsconfig-paths/register --respawn --transpile-only src/main.ts

[INFO] 13:15:42 ts-node-dev ver. 2.0.0 (using ts-node ver. 10.9.2, typescript ver. 5.9.3)
[32m[Nest] 218242  - [39m01/06/2026, 1:15:46 PM [32m    LOG[39m [38;5;3m[NestFactory] [39m[32mStarting Nest application...[39m
[32m[Nest] 218242  - [39m01/06/2026, 1:15:46 PM [32m    LOG[39m [38;5;3m[InstanceLoader] [39m[32mAppModule dependencies initialized[39m[38;5;3m +19ms[39m
[32m[Nest] 218242  - [39m01/06/2026, 1:15:46 PM [32m    LOG[39m [38;5;3m[InstanceLoader] [39m[32mConfigHostModule dependencies initialized[39m[38;5;3m +1ms[39m
[32m[Nest] 218242  - [39m01/06/2026, 1:15:46 PM [32m    LOG[39m [38;5;3m[InstanceLoader] [39m[32mTicketsModule dependencies initialized[39m[38;5;3m +0ms[39m
[32m[Nest] 218242  - [39m01/06/2026, 1:15:46 PM [32m    LOG[39m [38;5;3m[InstanceLoader] [39m[32mConfigModule dependencies initialized[39m[38;5;3m +0ms[39m
[32m[Nest] 218242  - [39m01/06/2026, 1:15:46 PM [32m    LOG[39m [38;5;3m[RoutesResolver] [39m[32mTicketsController {/tickets}:[39m[38;5;3m +31ms[39m
[32m[Nest] 218242  - [39m01/06/2026, 1:15:46 PM [32m    LOG[39m [38;5;3m[RouterExplorer] [39m[32mMapped {/tickets/generate, POST} route[39m[38;5;3m +4ms[39m
[32m[Nest] 218242  - [39m01/06/2026, 1:15:46 PM [32m    LOG[39m [38;5;3m[RouterExplorer] [39m[32mMapped {/tickets/:id, GET} route[39m[38;5;3m +1ms[39m
[32m[Nest] 218242  - [39m01/06/2026, 1:15:46 PM [32m    LOG[39m [38;5;3m[RouterExplorer] [39m[32mMapped {/tickets/:id/email, POST} route[39m[38;5;3m +0ms[39m
[32m[Nest] 218242  - [39m01/06/2026, 1:15:46 PM [32m    LOG[39m [38;5;3m[RouterExplorer] [39m[32mMapped {/tickets/booking/:bookingId, GET} route[39m[38;5;3m +1ms[39m
[32m[Nest] 218242  - [39m01/06/2026, 1:15:46 PM [32m    LOG[39m [38;5;3m[RouterExplorer] [39m[32mMapped {/tickets/user/:userId, GET} route[39m[38;5;3m +0ms[39m
[32m[Nest] 218242  - [39m01/06/2026, 1:15:46 PM [32m    LOG[39m [38;5;3m[RouterExplorer] [39m[32mMapped {/tickets/:id/qr, GET} route[39m[38;5;3m +1ms[39m
[32m[Nest] 218242  - [39m01/06/2026, 1:15:46 PM [32m    LOG[39m [38;5;3m[RouterExplorer] [39m[32mMapped {/tickets/:id/pdf, GET} route[39m[38;5;3m +0ms[39m
[32m[Nest] 218242  - [39m01/06/2026, 1:15:46 PM [32m    LOG[39m [38;5;3m[RouterExplorer] [39m[32mMapped {/tickets/validate, POST} route[39m[38;5;3m +0ms[39m
[32m[Nest] 218242  - [39m01/06/2026, 1:15:46 PM [32m    LOG[39m [38;5;3m[RabbitMQConsumerService] [39m[32m✅ Connected to RabbitMQ and listening on queue: ticket.events[39m
[32m[Nest] 218242  - [39m01/06/2026, 1:15:46 PM [32m    LOG[39m [38;5;3m[NestApplication] [39m[32mNest application successfully started[39m[38;5;3m +52ms[39m
🎫 Ticket Service is running on: http://localhost:3006
📚 Swagger docs available at: http://localhost:3006/api/docs
