
> web@0.1.0 dev /home/bayajidswe/My-files/my-projects/jatra-railway/apps/web
> next dev

⚠ Warning: Next.js inferred your workspace root, but it may not be correct.
 We detected multiple lockfiles and selected the directory of /home/bayajidswe/package-lock.json as the root directory.
 To silence this warning, set `turbopack.root` in your Next.js config, or consider removing one of the lockfiles if it's not needed.
   See https://nextjs.org/docs/app/api-reference/config/next-config-js/turbopack#root-directory for more information.
 Detected additional lockfiles: 
   * /home/bayajidswe/My-files/my-projects/jatra-railway/apps/web/pnpm-lock.yaml
   * /home/bayajidswe/My-files/my-projects/jatra-railway/pnpm-lock.yaml

▲ Next.js 16.1.1 (Turbopack)
- Local:         http://localhost:3000
- Network:       http://192.168.0.108:3000
- Environments: .env.local

✓ Starting...
⚠ The "middleware" file convention is deprecated. Please use "proxy" instead. Learn more: https://nextjs.org/docs/messages/middleware-to-proxy
✓ Ready in 2.4s
 GET /login 200 in 714ms (compile: 474ms, proxy.ts: 49ms, render: 191ms)
 GET / 200 in 44ms (compile: 19ms, proxy.ts: 5ms, render: 20ms)
 GET /login 200 in 33ms (compile: 11ms, proxy.ts: 7ms, render: 15ms)
✓ Compiled in 354ms
 GET /login 200 in 208ms (compile: 53ms, proxy.ts: 7ms, render: 149ms)
 GET /search-trains 200 in 120ms (compile: 83ms, proxy.ts: 13ms, render: 24ms)
 GET /schedule 200 in 120ms (compile: 98ms, proxy.ts: 2ms, render: 19ms)
 GET /login 200 in 38ms (compile: 9ms, proxy.ts: 3ms, render: 26ms)
 GET /login 200 in 1791ms (compile: 735ms, proxy.ts: 108ms, render: 948ms)
 GET /login 200 in 199ms (compile: 63ms, proxy.ts: 28ms, render: 108ms)
 GET /login 200 in 1410ms (compile: 531ms, proxy.ts: 16ms, render: 863ms)
✓ Compiled in 26.7s
✓ Compiled in 105ms
✓ Compiled in 43ms
 GET /login 200 in 240ms (compile: 60ms, proxy.ts: 11ms, render: 169ms)
 GET /login 200 in 55ms (compile: 5ms, proxy.ts: 12ms, render: 39ms)
 GET /signup 200 in 137ms (compile: 60ms, proxy.ts: 8ms, render: 68ms)
 GET /login 200 in 17ms (compile: 2ms, proxy.ts: 3ms, render: 11ms)
 GET /login 200 in 59ms (compile: 4ms, proxy.ts: 5ms, render: 49ms)
 GET /login 200 in 96ms (compile: 14ms, proxy.ts: 6ms, render: 75ms)
 GET /login 200 in 71ms (compile: 6ms, proxy.ts: 3ms, render: 62ms)
 GET /dashboard 200 in 303ms (compile: 282ms, proxy.ts: 1922µs, render: 19ms)
 GET /login 200 in 53ms (compile: 7ms, proxy.ts: 6ms, render: 40ms)
 GET /login 200 in 58ms (compile: 4ms, proxy.ts: 3ms, render: 51ms)
 GET /dashboard 200 in 15ms (compile: 1524µs, proxy.ts: 2ms, render: 12ms)
 GET /login 200 in 21ms (compile: 4ms, proxy.ts: 3ms, render: 13ms)
 GET /dashboard 200 in 19ms (compile: 3ms, proxy.ts: 1797µs, render: 14ms)
 GET /login 200 in 83ms (compile: 12ms, proxy.ts: 5ms, render: 66ms)
 GET /login 200 in 178ms (compile: 86ms, proxy.ts: 7ms, render: 84ms)
 GET /login 200 in 103ms (compile: 49ms, proxy.ts: 10ms, render: 44ms)
 GET /login 200 in 57ms (compile: 5ms, proxy.ts: 3ms, render: 49ms)
✓ Compiled in 57ms
 GET /login 200 in 278ms (compile: 72ms, proxy.ts: 4ms, render: 202ms)
 GET / 200 in 94ms (compile: 57ms, proxy.ts: 4ms, render: 33ms)
 GET /login 200 in 73ms (compile: 9ms, proxy.ts: 4ms, render: 61ms)
 GET / 200 in 17ms (compile: 5ms, proxy.ts: 3ms, render: 9ms)
 GET / 200 in 132ms (compile: 8ms, proxy.ts: 6ms, render: 118ms)
 GET /login 200 in 41ms (compile: 4ms, proxy.ts: 6ms, render: 32ms)
 GET / 200 in 21ms (compile: 2ms, proxy.ts: 2ms, render: 17ms)
 GET /search-trains 200 in 119ms (compile: 78ms, proxy.ts: 5ms, render: 35ms)
 GET / 200 in 26ms (compile: 6ms, proxy.ts: 7ms, render: 13ms)
 GET / 200 in 95ms (compile: 3ms, proxy.ts: 5ms, render: 87ms)
 GET /login 200 in 73ms (compile: 9ms, proxy.ts: 6ms, render: 58ms)
 GET /dashboard 200 in 53ms (compile: 4ms, proxy.ts: 7ms, render: 42ms)
 GET /login 200 in 18ms (compile: 3ms, proxy.ts: 2ms, render: 12ms)
 GET /login 200 in 40ms (compile: 2ms, proxy.ts: 3ms, render: 34ms)
 GET / 200 in 17ms (compile: 4ms, proxy.ts: 2ms, render: 10ms)
✓ Compiled in 80ms
✓ Compiled in 100ms
✓ Compiled in 104ms
✓ Compiled in 42ms
 GET / 200 in 226ms (compile: 46ms, proxy.ts: 41ms, render: 139ms)
 GET / 200 in 24ms (compile: 6ms, proxy.ts: 4ms, render: 15ms)
 GET / 200 in 26ms (compile: 5ms, proxy.ts: 10ms, render: 10ms)
 GET / 200 in 20ms (compile: 3ms, proxy.ts: 7ms, render: 10ms)
 GET / 200 in 24ms (compile: 7ms, proxy.ts: 6ms, render: 11ms)
 GET / 200 in 30ms (compile: 8ms, proxy.ts: 7ms, render: 15ms)
 GET / 200 in 39ms (compile: 6ms, proxy.ts: 10ms, render: 23ms)
 GET / 200 in 19ms (compile: 4ms, proxy.ts: 6ms, render: 10ms)
 GET / 200 in 28ms (compile: 6ms, proxy.ts: 7ms, render: 15ms)
 GET / 200 in 28ms (compile: 4ms, proxy.ts: 5ms, render: 19ms)
 GET / 200 in 27ms (compile: 7ms, proxy.ts: 7ms, render: 13ms)
 GET / 200 in 30ms (compile: 4ms, proxy.ts: 4ms, render: 21ms)
 GET / 200 in 19ms (compile: 1895µs, proxy.ts: 3ms, render: 14ms)
 GET / 200 in 66ms (compile: 6ms, proxy.ts: 3ms, render: 58ms)
 GET / 200 in 69ms (compile: 9ms, proxy.ts: 5ms, render: 56ms)
 GET / 200 in 49ms (compile: 3ms, proxy.ts: 3ms, render: 44ms)
 GET / 200 in 62ms (compile: 3ms, proxy.ts: 3ms, render: 56ms)
 GET / 200 in 12ms (compile: 1898µs, proxy.ts: 1859µs, render: 8ms)
 GET / 200 in 21ms (compile: 3ms, proxy.ts: 6ms, render: 12ms)
 GET / 200 in 20ms (compile: 3ms, proxy.ts: 4ms, render: 12ms)
 GET / 200 in 26ms (compile: 7ms, proxy.ts: 6ms, render: 13ms)
 GET / 200 in 62ms (compile: 7ms, proxy.ts: 6ms, render: 48ms)
 GET / 200 in 19ms (compile: 3ms, proxy.ts: 8ms, render: 9ms)
 GET / 200 in 33ms (compile: 4ms, proxy.ts: 10ms, render: 19ms)
 GET / 200 in 10ms (compile: 1452µs, proxy.ts: 1564µs, render: 7ms)
 GET / 200 in 57ms (compile: 6ms, proxy.ts: 6ms, render: 46ms)
 GET /login 200 in 257ms (compile: 56ms, proxy.ts: 2ms, render: 198ms)
 GET /login 200 in 75ms (compile: 4ms, proxy.ts: 4ms, render: 67ms)
 GET /login 200 in 63ms (compile: 2ms, proxy.ts: 2ms, render: 59ms)
 GET /login 200 in 72ms (compile: 3ms, proxy.ts: 4ms, render: 65ms)
 GET /login 200 in 57ms (compile: 2ms, proxy.ts: 2ms, render: 52ms)
 GET /login 200 in 76ms (compile: 1755µs, proxy.ts: 2ms, render: 72ms)
 GET /login 200 in 57ms (compile: 3ms, proxy.ts: 2ms, render: 53ms)
 GET /login 200 in 84ms (compile: 1474µs, proxy.ts: 1926µs, render: 81ms)
 GET /login 200 in 52ms (compile: 2ms, proxy.ts: 2ms, render: 48ms)
 GET /login 200 in 59ms (compile: 4ms, proxy.ts: 6ms, render: 49ms)
 GET /login 200 in 41ms (compile: 1585µs, proxy.ts: 1910µs, render: 37ms)
 GET /login 200 in 42ms (compile: 3ms, proxy.ts: 2ms, render: 37ms)
 GET /login 200 in 63ms (compile: 4ms, proxy.ts: 3ms, render: 56ms)
 GET /login 200 in 63ms (compile: 2ms, proxy.ts: 2ms, render: 58ms)
 GET /login 200 in 52ms (compile: 1675µs, proxy.ts: 2ms, render: 48ms)
 GET /login 200 in 51ms (compile: 2ms, proxy.ts: 3ms, render: 46ms)
 GET /login 200 in 63ms (compile: 3ms, proxy.ts: 4ms, render: 57ms)
 GET /login 200 in 50ms (compile: 1570µs, proxy.ts: 1842µs, render: 46ms)
 GET /login 200 in 66ms (compile: 3ms, proxy.ts: 3ms, render: 59ms)
 GET /login 200 in 39ms (compile: 1726µs, proxy.ts: 3ms, render: 35ms)
 GET /login 200 in 50ms (compile: 2ms, proxy.ts: 3ms, render: 45ms)
 GET /login 200 in 46ms (compile: 1758µs, proxy.ts: 3ms, render: 41ms)
 GET /login 200 in 48ms (compile: 2ms, proxy.ts: 2ms, render: 43ms)
 GET /login 200 in 45ms (compile: 1884µs, proxy.ts: 2ms, render: 40ms)
 GET /login 200 in 59ms (compile: 2ms, proxy.ts: 2ms, render: 54ms)
 GET /login 200 in 65ms (compile: 3ms, proxy.ts: 4ms, render: 57ms)
 GET /login 200 in 57ms (compile: 3ms, proxy.ts: 11ms, render: 43ms)
 GET /login 200 in 63ms (compile: 1904µs, proxy.ts: 1783µs, render: 60ms)
 GET /login 200 in 40ms (compile: 2ms, proxy.ts: 3ms, render: 35ms)
 GET /login 200 in 44ms (compile: 1777µs, proxy.ts: 2ms, render: 40ms)
 GET /login 200 in 39ms (compile: 2ms, proxy.ts: 3ms, render: 34ms)
 GET /login 200 in 36ms (compile: 1628µs, proxy.ts: 2ms, render: 33ms)
 GET /login 200 in 47ms (compile: 2ms, proxy.ts: 2ms, render: 43ms)
 GET /login 200 in 39ms (compile: 1570µs, proxy.ts: 1890µs, render: 35ms)
 GET /login 200 in 55ms (compile: 2ms, proxy.ts: 3ms, render: 49ms)
 GET /login 200 in 36ms (compile: 2ms, proxy.ts: 3ms, render: 31ms)
 GET /login 200 in 44ms (compile: 1738µs, proxy.ts: 3ms, render: 39ms)
 GET /login 200 in 40ms (compile: 2ms, proxy.ts: 2ms, render: 35ms)
 GET /login 200 in 44ms (compile: 1833µs, proxy.ts: 2ms, render: 40ms)
 GET /login 200 in 35ms (compile: 2ms, proxy.ts: 2ms, render: 31ms)
 GET /login 200 in 36ms (compile: 1608µs, proxy.ts: 3ms, render: 32ms)
 GET /login 200 in 39ms (compile: 2ms, proxy.ts: 3ms, render: 34ms)
 GET /login 200 in 41ms (compile: 1741µs, proxy.ts: 1886µs, render: 38ms)
 GET /login 200 in 36ms (compile: 1537µs, proxy.ts: 2ms, render: 32ms)
 GET /login 200 in 34ms (compile: 1594µs, proxy.ts: 1820µs, render: 31ms)
 GET /login 200 in 37ms (compile: 1954µs, proxy.ts: 1920µs, render: 33ms)
 GET /login 200 in 37ms (compile: 1718µs, proxy.ts: 1844µs, render: 34ms)
 GET /login 200 in 76ms (compile: 5ms, proxy.ts: 5ms, render: 66ms)
 GET /login 200 in 64ms (compile: 1622µs, proxy.ts: 1834µs, render: 61ms)
 GET /login 200 in 40ms (compile: 3ms, proxy.ts: 3ms, render: 34ms)
 GET /login 200 in 32ms (compile: 1487µs, proxy.ts: 1788µs, render: 29ms)
 GET /login 200 in 42ms (compile: 1644µs, proxy.ts: 1947µs, render: 38ms)
 GET /login 200 in 42ms (compile: 1630µs, proxy.ts: 2ms, render: 38ms)
 GET /login 200 in 33ms (compile: 1609µs, proxy.ts: 1827µs, render: 30ms)
 GET /login 200 in 39ms (compile: 3ms, proxy.ts: 4ms, render: 32ms)
 GET /login 200 in 33ms (compile: 1563µs, proxy.ts: 1934µs, render: 30ms)
 GET /login 200 in 43ms (compile: 1793µs, proxy.ts: 1878µs, render: 39ms)
 GET /login 200 in 58ms (compile: 1915µs, proxy.ts: 1846µs, render: 54ms)
 GET /login 200 in 34ms (compile: 1732µs, proxy.ts: 2ms, render: 30ms)
 GET /login 200 in 38ms (compile: 1664µs, proxy.ts: 1972µs, render: 35ms)
 GET /login 200 in 33ms (compile: 2ms, proxy.ts: 1793µs, render: 29ms)
 GET /login 200 in 34ms (compile: 1690µs, proxy.ts: 1772µs, render: 30ms)
 GET /login 200 in 39ms (compile: 3ms, proxy.ts: 3ms, render: 33ms)
 GET /login 200 in 36ms (compile: 1882µs, proxy.ts: 2ms, render: 32ms)
 GET /login 200 in 79ms (compile: 4ms, proxy.ts: 4ms, render: 72ms)
 GET /login 200 in 50ms (compile: 3ms, proxy.ts: 3ms, render: 45ms)
 GET /login 200 in 57ms (compile: 3ms, proxy.ts: 4ms, render: 51ms)
 GET /login 200 in 34ms (compile: 1747µs, proxy.ts: 2ms, render: 30ms)
 GET /login 200 in 36ms (compile: 2ms, proxy.ts: 2ms, render: 32ms)
 GET /login 200 in 34ms (compile: 1533µs, proxy.ts: 1805µs, render: 30ms)
 GET /login 200 in 35ms (compile: 2ms, proxy.ts: 1680µs, render: 31ms)
 GET /login 200 in 33ms (compile: 1557µs, proxy.ts: 1747µs, render: 30ms)
 GET /login 200 in 54ms (compile: 1798µs, proxy.ts: 2ms, render: 50ms)
 GET /login 200 in 37ms (compile: 2ms, proxy.ts: 4ms, render: 31ms)
 GET /login 200 in 36ms (compile: 1512µs, proxy.ts: 1834µs, render: 32ms)
 GET /login 200 in 37ms (compile: 3ms, proxy.ts: 1728µs, render: 33ms)
 GET /login 200 in 33ms (compile: 1637µs, proxy.ts: 1949µs, render: 29ms)
 GET /login 200 in 32ms (compile: 1480µs, proxy.ts: 1633µs, render: 29ms)
 GET /login 200 in 61ms (compile: 7ms, proxy.ts: 11ms, render: 42ms)
 GET /login 200 in 58ms (compile: 4ms, proxy.ts: 3ms, render: 50ms)
 GET /login 200 in 55ms (compile: 1838µs, proxy.ts: 1995µs, render: 51ms)
 GET /login 200 in 54ms (compile: 3ms, proxy.ts: 2ms, render: 49ms)
 GET /login 200 in 53ms (compile: 2ms, proxy.ts: 2ms, render: 48ms)
 GET /login 200 in 77ms (compile: 7ms, proxy.ts: 2ms, render: 68ms)
 GET /login 200 in 37ms (compile: 3ms, proxy.ts: 2ms, render: 32ms)
 GET /login 200 in 57ms (compile: 1744µs, proxy.ts: 1852µs, render: 53ms)
 GET /login 200 in 57ms (compile: 1591µs, proxy.ts: 1927µs, render: 54ms)
 GET /login 200 in 53ms (compile: 2ms, proxy.ts: 2ms, render: 48ms)
 GET /login 200 in 40ms (compile: 1898µs, proxy.ts: 2ms, render: 36ms)
 GET /login 200 in 46ms (compile: 2ms, proxy.ts: 4ms, render: 40ms)
 GET /login 200 in 45ms (compile: 1761µs, proxy.ts: 3ms, render: 41ms)
 GET /login 200 in 43ms (compile: 1835µs, proxy.ts: 2ms, render: 38ms)
 GET /login 200 in 47ms (compile: 1606µs, proxy.ts: 2ms, render: 44ms)
 GET /login 200 in 55ms (compile: 2ms, proxy.ts: 4ms, render: 48ms)
 GET /login 200 in 48ms (compile: 2ms, proxy.ts: 3ms, render: 43ms)
 GET /login 200 in 73ms (compile: 6ms, proxy.ts: 3ms, render: 64ms)
 GET /login 200 in 66ms (compile: 2ms, proxy.ts: 3ms, render: 61ms)
 GET /login 200 in 110ms (compile: 4ms, proxy.ts: 2ms, render: 104ms)
 GET /login 200 in 62ms (compile: 3ms, proxy.ts: 3ms, render: 56ms)
 GET /login 200 in 76ms (compile: 3ms, proxy.ts: 4ms, render: 70ms)
 GET /login 200 in 56ms (compile: 3ms, proxy.ts: 8ms, render: 45ms)
 GET /login 200 in 55ms (compile: 2ms, proxy.ts: 2ms, render: 51ms)
 GET /login 200 in 50ms (compile: 2ms, proxy.ts: 5ms, render: 43ms)
 GET /login 200 in 81ms (compile: 6ms, proxy.ts: 6ms, render: 69ms)
 GET /login 200 in 96ms (compile: 8ms, proxy.ts: 6ms, render: 83ms)
 GET /login 200 in 70ms (compile: 3ms, proxy.ts: 1894µs, render: 66ms)
 GET /login 200 in 71ms (compile: 1877µs, proxy.ts: 2ms, render: 67ms)
 GET /login 200 in 79ms (compile: 3ms, proxy.ts: 2ms, render: 74ms)
 GET /login 200 in 68ms (compile: 4ms, proxy.ts: 4ms, render: 60ms)
 GET /login 200 in 63ms (compile: 1619µs, proxy.ts: 2ms, render: 59ms)
 GET /login 200 in 74ms (compile: 4ms, proxy.ts: 2ms, render: 68ms)
 GET /login 200 in 65ms (compile: 2ms, proxy.ts: 2ms, render: 61ms)
 GET /login 200 in 78ms (compile: 4ms, proxy.ts: 4ms, render: 70ms)
 GET /login 200 in 65ms (compile: 8ms, proxy.ts: 4ms, render: 54ms)
 GET /login 200 in 66ms (compile: 4ms, proxy.ts: 3ms, render: 60ms)
 GET /login 200 in 51ms (compile: 2ms, proxy.ts: 1914µs, render: 47ms)
 GET /login 200 in 58ms (compile: 3ms, proxy.ts: 4ms, render: 51ms)
 GET /login 200 in 58ms (compile: 7ms, proxy.ts: 3ms, render: 48ms)
 GET /login 200 in 46ms (compile: 1655µs, proxy.ts: 1757µs, render: 42ms)
 GET /login 200 in 60ms (compile: 3ms, proxy.ts: 4ms, render: 53ms)
 GET /login 200 in 84ms (compile: 4ms, proxy.ts: 6ms, render: 74ms)
 GET /login 200 in 57ms (compile: 1945µs, proxy.ts: 4ms, render: 52ms)
 GET /login 200 in 44ms (compile: 2ms, proxy.ts: 4ms, render: 38ms)
 GET /login 200 in 57ms (compile: 1663µs, proxy.ts: 4ms, render: 52ms)
 GET /login 200 in 40ms (compile: 2ms, proxy.ts: 2ms, render: 36ms)
 GET /login 200 in 70ms (compile: 1734µs, proxy.ts: 2ms, render: 66ms)
 GET /login 200 in 61ms (compile: 3ms, proxy.ts: 3ms, render: 55ms)
 GET /login 200 in 76ms (compile: 8ms, proxy.ts: 6ms, render: 62ms)
 GET /login 200 in 62ms (compile: 5ms, proxy.ts: 5ms, render: 52ms)
 GET /login 200 in 47ms (compile: 1979µs, proxy.ts: 3ms, render: 42ms)
 GET /login 200 in 39ms (compile: 2ms, proxy.ts: 2ms, render: 34ms)
 GET /login 200 in 47ms (compile: 3ms, proxy.ts: 11ms, render: 34ms)
 GET /login 200 in 60ms (compile: 5ms, proxy.ts: 9ms, render: 46ms)
 GET /login 200 in 37ms (compile: 2ms, proxy.ts: 3ms, render: 32ms)
 GET /login 200 in 59ms (compile: 4ms, proxy.ts: 4ms, render: 51ms)
 GET /login 200 in 50ms (compile: 1615µs, proxy.ts: 2ms, render: 46ms)
 GET /login 200 in 67ms (compile: 3ms, proxy.ts: 3ms, render: 62ms)
 GET /login 200 in 51ms (compile: 6ms, proxy.ts: 7ms, render: 39ms)
 GET /login 200 in 54ms (compile: 2ms, proxy.ts: 4ms, render: 48ms)
 GET /login 200 in 60ms (compile: 3ms, proxy.ts: 2ms, render: 54ms)
 GET /login 200 in 41ms (compile: 2ms, proxy.ts: 2ms, render: 37ms)
 GET /login 200 in 60ms (compile: 4ms, proxy.ts: 3ms, render: 52ms)
 GET /login 200 in 56ms (compile: 3ms, proxy.ts: 3ms, render: 50ms)
 GET /login 200 in 46ms (compile: 1861µs, proxy.ts: 1886µs, render: 42ms)
 GET /login 200 in 50ms (compile: 3ms, proxy.ts: 2ms, render: 45ms)
 GET /login 200 in 66ms (compile: 6ms, proxy.ts: 7ms, render: 53ms)
 GET /login 200 in 54ms (compile: 3ms, proxy.ts: 3ms, render: 49ms)
 GET /login 200 in 60ms (compile: 2ms, proxy.ts: 2ms, render: 56ms)
 GET /login 200 in 56ms (compile: 1778µs, proxy.ts: 1800µs, render: 53ms)
 GET /login 200 in 40ms (compile: 1970µs, proxy.ts: 2ms, render: 35ms)
 GET /login 200 in 54ms (compile: 3ms, proxy.ts: 4ms, render: 48ms)
 GET /login 200 in 51ms (compile: 2ms, proxy.ts: 2ms, render: 46ms)
 GET /login 200 in 45ms (compile: 1923µs, proxy.ts: 1974µs, render: 41ms)
 GET /signup 200 in 140ms (compile: 89ms, proxy.ts: 5ms, render: 46ms)
 GET /login 200 in 57ms (compile: 4ms, proxy.ts: 4ms, render: 49ms)
 GET /signup 200 in 126ms (compile: 4ms, proxy.ts: 4ms, render: 117ms)
 GET /login 200 in 53ms (compile: 3ms, proxy.ts: 2ms, render: 48ms)
 GET /login 200 in 61ms (compile: 3ms, proxy.ts: 3ms, render: 55ms)
 GET /login 200 in 44ms (compile: 3ms, proxy.ts: 3ms, render: 38ms)
 GET /login 200 in 48ms (compile: 3ms, proxy.ts: 3ms, render: 42ms)
 GET /login 200 in 53ms (compile: 1693µs, proxy.ts: 2ms, render: 49ms)
 GET /signup 200 in 23ms (compile: 6ms, proxy.ts: 4ms, render: 13ms)
 GET /login 200 in 28ms (compile: 6ms, proxy.ts: 4ms, render: 19ms)
 GET / 200 in 60ms (compile: 3ms, proxy.ts: 5ms, render: 52ms)
 GET / 200 in 115ms (compile: 11ms, proxy.ts: 8ms, render: 96ms)
 GET /schedule 200 in 108ms (compile: 66ms, proxy.ts: 6ms, render: 36ms)
 GET /search-trains 200 in 101ms (compile: 61ms, proxy.ts: 4ms, render: 36ms)
 GET /schedule 200 in 41ms (compile: 10ms, proxy.ts: 9ms, render: 23ms)
 GET / 200 in 47ms (compile: 1811µs, proxy.ts: 3ms, render: 42ms)
 GET / 200 in 85ms (compile: 6ms, proxy.ts: 3ms, render: 76ms)
 GET / 200 in 63ms (compile: 4ms, proxy.ts: 2ms, render: 57ms)
✓ Compiled in 57ms
 GET / 200 in 65ms (compile: 6ms, proxy.ts: 6ms, render: 53ms)
 GET /login 200 in 70ms (compile: 3ms, proxy.ts: 4ms, render: 63ms)
 GET /login 200 in 54ms (compile: 3ms, proxy.ts: 5ms, render: 45ms)
 GET /login 200 in 75ms (compile: 3ms, proxy.ts: 4ms, render: 69ms)
 GET /login 200 in 94ms (compile: 4ms, proxy.ts: 5ms, render: 85ms)
 GET /login 200 in 69ms (compile: 4ms, proxy.ts: 4ms, render: 61ms)
 GET /login 200 in 61ms (compile: 2ms, proxy.ts: 2ms, render: 57ms)
 GET /login 200 in 66ms (compile: 6ms, proxy.ts: 5ms, render: 55ms)
 GET /login 200 in 55ms (compile: 1900µs, proxy.ts: 3ms, render: 50ms)
 GET /login 200 in 64ms (compile: 3ms, proxy.ts: 2ms, render: 59ms)
 GET /login 200 in 54ms (compile: 2ms, proxy.ts: 1948µs, render: 50ms)
 GET /login 200 in 68ms (compile: 9ms, proxy.ts: 3ms, render: 55ms)
 GET /login 200 in 64ms (compile: 1907µs, proxy.ts: 2ms, render: 60ms)
 GET /login 200 in 69ms (compile: 6ms, proxy.ts: 4ms, render: 60ms)
 GET /login 200 in 46ms (compile: 3ms, proxy.ts: 3ms, render: 40ms)
 GET /login 200 in 51ms (compile: 3ms, proxy.ts: 6ms, render: 42ms)
 GET /login 200 in 44ms (compile: 2ms, proxy.ts: 1983µs, render: 40ms)
 GET /login 200 in 39ms (compile: 2ms, proxy.ts: 2ms, render: 35ms)
 GET /login 200 in 39ms (compile: 1904µs, proxy.ts: 1798µs, render: 35ms)
 GET /login 200 in 40ms (compile: 1839µs, proxy.ts: 2ms, render: 36ms)
 GET /login 200 in 49ms (compile: 1878µs, proxy.ts: 7ms, render: 40ms)
 GET /login 200 in 57ms (compile: 2ms, proxy.ts: 3ms, render: 52ms)
 GET /login 200 in 45ms (compile: 3ms, proxy.ts: 2ms, render: 39ms)
 GET /login 200 in 47ms (compile: 3ms, proxy.ts: 2ms, render: 41ms)
 GET /login 200 in 49ms (compile: 3ms, proxy.ts: 2ms, render: 45ms)
 GET /login 200 in 38ms (compile: 1874µs, proxy.ts: 1805µs, render: 35ms)
 GET /login 200 in 38ms (compile: 2ms, proxy.ts: 2ms, render: 34ms)
 GET /login 200 in 37ms (compile: 2ms, proxy.ts: 1932µs, render: 33ms)
 GET /login 200 in 47ms (compile: 2ms, proxy.ts: 2ms, render: 42ms)
 GET /login 200 in 48ms (compile: 1927µs, proxy.ts: 3ms, render: 44ms)
 GET /login 200 in 57ms (compile: 7ms, proxy.ts: 1855µs, render: 49ms)
 GET /login 200 in 55ms (compile: 2ms, proxy.ts: 1943µs, render: 51ms)
 GET /login 200 in 58ms (compile: 6ms, proxy.ts: 8ms, render: 44ms)
 GET /login 200 in 41ms (compile: 1822µs, proxy.ts: 2ms, render: 37ms)
 GET /login 200 in 49ms (compile: 2ms, proxy.ts: 2ms, render: 45ms)
 GET /login 200 in 42ms (compile: 6ms, proxy.ts: 1851µs, render: 34ms)
 GET /login 200 in 48ms (compile: 2ms, proxy.ts: 2ms, render: 44ms)
 GET /login 200 in 38ms (compile: 1972µs, proxy.ts: 1933µs, render: 35ms)
 GET /login 200 in 45ms (compile: 3ms, proxy.ts: 3ms, render: 39ms)
 GET /login 200 in 77ms (compile: 2ms, proxy.ts: 3ms, render: 72ms)
 GET /login 200 in 64ms (compile: 2ms, proxy.ts: 3ms, render: 59ms)
 GET /login 200 in 65ms (compile: 4ms, proxy.ts: 4ms, render: 57ms)
 GET /login 200 in 39ms (compile: 2ms, proxy.ts: 2ms, render: 34ms)
 GET /login 200 in 44ms (compile: 4ms, proxy.ts: 7ms, render: 33ms)
 GET /login 200 in 52ms (compile: 7ms, proxy.ts: 2ms, render: 42ms)
 GET /login 200 in 47ms (compile: 3ms, proxy.ts: 3ms, render: 41ms)
 GET /login 200 in 46ms (compile: 2ms, proxy.ts: 1915µs, render: 42ms)
 GET /login 200 in 67ms (compile: 3ms, proxy.ts: 4ms, render: 60ms)
 GET /login 200 in 61ms (compile: 2ms, proxy.ts: 3ms, render: 56ms)
 GET /login 200 in 59ms (compile: 2ms, proxy.ts: 2ms, render: 54ms)
 GET /login 200 in 58ms (compile: 3ms, proxy.ts: 4ms, render: 51ms)
 GET /login 200 in 58ms (compile: 2ms, proxy.ts: 4ms, render: 52ms)
 GET /login 200 in 63ms (compile: 9ms, proxy.ts: 5ms, render: 49ms)
 GET /login 200 in 41ms (compile: 2ms, proxy.ts: 6ms, render: 33ms)
 GET /login 200 in 46ms (compile: 2ms, proxy.ts: 2ms, render: 42ms)
 GET /login 200 in 37ms (compile: 2ms, proxy.ts: 1880µs, render: 32ms)
 GET /login 200 in 44ms (compile: 2ms, proxy.ts: 3ms, render: 39ms)
 GET /login 200 in 50ms (compile: 2ms, proxy.ts: 2ms, render: 45ms)
 GET /login 200 in 63ms (compile: 2ms, proxy.ts: 2ms, render: 59ms)
 GET /login 200 in 72ms (compile: 3ms, proxy.ts: 2ms, render: 67ms)
 GET /login 200 in 49ms (compile: 9ms, proxy.ts: 3ms, render: 37ms)
 GET /login 200 in 104ms (compile: 3ms, proxy.ts: 3ms, render: 99ms)
 GET /login 200 in 75ms (compile: 6ms, proxy.ts: 6ms, render: 64ms)
 GET /login 200 in 110ms (compile: 15ms, proxy.ts: 10ms, render: 84ms)
 GET /login 200 in 61ms (compile: 5ms, proxy.ts: 4ms, render: 52ms)
 GET /login 200 in 46ms (compile: 1889µs, proxy.ts: 2ms, render: 42ms)
 GET /login 200 in 72ms (compile: 2ms, proxy.ts: 3ms, render: 66ms)
 GET /login 200 in 98ms (compile: 2ms, proxy.ts: 3ms, render: 93ms)
 GET /login 200 in 67ms (compile: 5ms, proxy.ts: 5ms, render: 56ms)
 GET /login 200 in 37ms (compile: 2ms, proxy.ts: 3ms, render: 32ms)
 GET /login 200 in 80ms (compile: 3ms, proxy.ts: 8ms, render: 69ms)
 GET /login 200 in 43ms (compile: 7ms, proxy.ts: 4ms, render: 32ms)
 GET /login 200 in 57ms (compile: 3ms, proxy.ts: 3ms, render: 51ms)
 GET /login 200 in 55ms (compile: 1942µs, proxy.ts: 2ms, render: 51ms)
 GET /login 200 in 38ms (compile: 3ms, proxy.ts: 2ms, render: 33ms)
 GET /login 200 in 66ms (compile: 3ms, proxy.ts: 12ms, render: 51ms)
 GET /login 200 in 48ms (compile: 1972µs, proxy.ts: 2ms, render: 44ms)
 GET /login 200 in 46ms (compile: 3ms, proxy.ts: 4ms, render: 39ms)
 GET /login 200 in 79ms (compile: 8ms, proxy.ts: 1956µs, render: 69ms)
 GET /login 200 in 63ms (compile: 4ms, proxy.ts: 4ms, render: 56ms)
 GET /login 200 in 64ms (compile: 1957µs, proxy.ts: 2ms, render: 59ms)
 GET /login 200 in 61ms (compile: 4ms, proxy.ts: 2ms, render: 55ms)
 GET /login 200 in 63ms (compile: 4ms, proxy.ts: 3ms, render: 57ms)
 GET /login 200 in 60ms (compile: 3ms, proxy.ts: 1895µs, render: 55ms)
 GET /login 200 in 53ms (compile: 2ms, proxy.ts: 3ms, render: 47ms)
 GET /login 200 in 69ms (compile: 5ms, proxy.ts: 4ms, render: 60ms)
 GET /login 200 in 60ms (compile: 2ms, proxy.ts: 3ms, render: 55ms)
 GET /login 200 in 77ms (compile: 15ms, proxy.ts: 4ms, render: 58ms)
 GET /login 200 in 55ms (compile: 2ms, proxy.ts: 4ms, render: 49ms)
 GET /login 200 in 66ms (compile: 4ms, proxy.ts: 5ms, render: 56ms)
 GET /login 200 in 39ms (compile: 2ms, proxy.ts: 1998µs, render: 35ms)
✓ Compiled in 45ms
 GET /login 200 in 176ms (compile: 48ms, proxy.ts: 4ms, render: 124ms)
 GET /login 200 in 42ms (compile: 2ms, proxy.ts: 4ms, render: 35ms)
 GET /login 200 in 44ms (compile: 3ms, proxy.ts: 2ms, render: 39ms)
 GET /login 200 in 60ms (compile: 4ms, proxy.ts: 6ms, render: 50ms)
 GET /login 200 in 40ms (compile: 2ms, proxy.ts: 3ms, render: 35ms)
 GET /login 200 in 71ms (compile: 16ms, proxy.ts: 7ms, render: 48ms)
 GET /login 200 in 87ms (compile: 6ms, proxy.ts: 6ms, render: 75ms)
 GET /login 200 in 122ms (compile: 9ms, proxy.ts: 15ms, render: 98ms)
 GET /login 200 in 49ms (compile: 8ms, proxy.ts: 3ms, render: 38ms)
 GET /login 200 in 47ms (compile: 3ms, proxy.ts: 6ms, render: 37ms)
 GET /login 200 in 45ms (compile: 2ms, proxy.ts: 3ms, render: 40ms)
 GET /login 200 in 80ms (compile: 14ms, proxy.ts: 9ms, render: 56ms)
 GET /login 200 in 62ms (compile: 5ms, proxy.ts: 4ms, render: 53ms)
 GET /login 200 in 61ms (compile: 2ms, proxy.ts: 2ms, render: 57ms)
 GET /login 200 in 57ms (compile: 3ms, proxy.ts: 3ms, render: 51ms)
 GET /login 200 in 75ms (compile: 3ms, proxy.ts: 2ms, render: 69ms)
 GET /login 200 in 79ms (compile: 15ms, proxy.ts: 10ms, render: 53ms)
 GET /login 200 in 87ms (compile: 4ms, proxy.ts: 5ms, render: 79ms)
 GET /login 200 in 52ms (compile: 5ms, proxy.ts: 4ms, render: 43ms)
 GET /login 200 in 77ms (compile: 3ms, proxy.ts: 3ms, render: 71ms)
 GET /login 200 in 111ms (compile: 7ms, proxy.ts: 2ms, render: 101ms)
 GET /login 200 in 97ms (compile: 43ms, proxy.ts: 7ms, render: 47ms)
 GET /login 200 in 58ms (compile: 4ms, proxy.ts: 3ms, render: 51ms)
 GET /login 200 in 76ms (compile: 9ms, proxy.ts: 10ms, render: 56ms)
 GET /login 200 in 54ms (compile: 2ms, proxy.ts: 2ms, render: 49ms)
 GET /login 200 in 58ms (compile: 4ms, proxy.ts: 5ms, render: 49ms)
 GET /login 200 in 55ms (compile: 8ms, proxy.ts: 7ms, render: 41ms)
 GET /login 200 in 92ms (compile: 5ms, proxy.ts: 8ms, render: 79ms)
 GET /login 200 in 66ms (compile: 8ms, proxy.ts: 6ms, render: 52ms)
 GET /login 200 in 46ms (compile: 3ms, proxy.ts: 3ms, render: 39ms)
 GET /login 200 in 59ms (compile: 8ms, proxy.ts: 7ms, render: 44ms)
 GET /login 200 in 60ms (compile: 13ms, proxy.ts: 4ms, render: 44ms)
 GET /login 200 in 70ms (compile: 3ms, proxy.ts: 6ms, render: 61ms)
 GET /login 200 in 43ms (compile: 4ms, proxy.ts: 3ms, render: 36ms)
 GET /login 200 in 52ms (compile: 7ms, proxy.ts: 6ms, render: 40ms)
 GET /login 200 in 50ms (compile: 2ms, proxy.ts: 2ms, render: 45ms)
 GET /login 200 in 52ms (compile: 3ms, proxy.ts: 4ms, render: 46ms)
 GET /login 200 in 70ms (compile: 3ms, proxy.ts: 3ms, render: 63ms)
 GET /login 200 in 63ms (compile: 2ms, proxy.ts: 2ms, render: 59ms)
 GET /login 200 in 77ms (compile: 7ms, proxy.ts: 12ms, render: 58ms)
 GET /login 200 in 50ms (compile: 5ms, proxy.ts: 6ms, render: 39ms)
 GET /login 200 in 57ms (compile: 2ms, proxy.ts: 3ms, render: 52ms)
 GET /login 200 in 51ms (compile: 4ms, proxy.ts: 3ms, render: 44ms)
 GET /login 200 in 58ms (compile: 6ms, proxy.ts: 3ms, render: 49ms)
 GET /login 200 in 82ms (compile: 12ms, proxy.ts: 10ms, render: 61ms)
 GET /login 200 in 45ms (compile: 2ms, proxy.ts: 3ms, render: 41ms)
 GET /login 200 in 60ms (compile: 3ms, proxy.ts: 7ms, render: 51ms)
 GET /login 200 in 66ms (compile: 4ms, proxy.ts: 5ms, render: 57ms)
 GET /login 200 in 76ms (compile: 6ms, proxy.ts: 8ms, render: 62ms)
 GET /login 200 in 53ms (compile: 3ms, proxy.ts: 3ms, render: 47ms)
 GET /login 200 in 56ms (compile: 3ms, proxy.ts: 6ms, render: 47ms)
 GET /login 200 in 57ms (compile: 3ms, proxy.ts: 3ms, render: 51ms)
 GET /login 200 in 67ms (compile: 3ms, proxy.ts: 7ms, render: 57ms)
 GET /login 200 in 56ms (compile: 6ms, proxy.ts: 4ms, render: 46ms)
 GET /login 200 in 50ms (compile: 8ms, proxy.ts: 7ms, render: 36ms)
 GET /login 200 in 52ms (compile: 2ms, proxy.ts: 3ms, render: 47ms)
 GET /login 200 in 59ms (compile: 4ms, proxy.ts: 6ms, render: 49ms)
 GET /login 200 in 50ms (compile: 3ms, proxy.ts: 4ms, render: 44ms)
 GET /login 200 in 51ms (compile: 3ms, proxy.ts: 4ms, render: 44ms)
 GET /login 200 in 81ms (compile: 3ms, proxy.ts: 4ms, render: 73ms)
 GET /login 200 in 54ms (compile: 2ms, proxy.ts: 3ms, render: 50ms)
 GET /login 200 in 44ms (compile: 2ms, proxy.ts: 2ms, render: 39ms)
 GET /login 200 in 51ms (compile: 2ms, proxy.ts: 7ms, render: 42ms)
 GET /login 200 in 44ms (compile: 5ms, proxy.ts: 4ms, render: 35ms)
 GET /login 200 in 54ms (compile: 13ms, proxy.ts: 5ms, render: 37ms)
 GET /login 200 in 42ms (compile: 2ms, proxy.ts: 3ms, render: 37ms)
 GET /login 200 in 48ms (compile: 4ms, proxy.ts: 4ms, render: 39ms)
 GET /login 200 in 56ms (compile: 4ms, proxy.ts: 6ms, render: 46ms)
 GET /login 200 in 47ms (compile: 2ms, proxy.ts: 3ms, render: 43ms)
 GET /login 200 in 58ms (compile: 4ms, proxy.ts: 5ms, render: 49ms)
 GET /login 200 in 50ms (compile: 3ms, proxy.ts: 3ms, render: 44ms)
 GET /login 200 in 58ms (compile: 2ms, proxy.ts: 10ms, render: 45ms)
 GET /login 200 in 55ms (compile: 4ms, proxy.ts: 5ms, render: 46ms)
 GET /login 200 in 56ms (compile: 5ms, proxy.ts: 7ms, render: 44ms)
 GET /login 200 in 49ms (compile: 2ms, proxy.ts: 3ms, render: 44ms)
 GET /login 200 in 54ms (compile: 3ms, proxy.ts: 5ms, render: 46ms)
 GET /login 200 in 59ms (compile: 4ms, proxy.ts: 6ms, render: 50ms)
 GET /login 200 in 63ms (compile: 14ms, proxy.ts: 7ms, render: 42ms)
 GET /login 200 in 52ms (compile: 2ms, proxy.ts: 3ms, render: 47ms)
 GET /login 200 in 58ms (compile: 4ms, proxy.ts: 8ms, render: 46ms)
 GET /login 200 in 54ms (compile: 3ms, proxy.ts: 2ms, render: 48ms)
 GET /login 200 in 68ms (compile: 4ms, proxy.ts: 6ms, render: 59ms)
 GET /login 200 in 66ms (compile: 10ms, proxy.ts: 8ms, render: 48ms)
 GET /login 200 in 60ms (compile: 4ms, proxy.ts: 3ms, render: 53ms)
 GET /login 200 in 52ms (compile: 3ms, proxy.ts: 5ms, render: 44ms)
 GET /login 200 in 54ms (compile: 13ms, proxy.ts: 3ms, render: 39ms)
 GET /login 200 in 49ms (compile: 4ms, proxy.ts: 5ms, render: 40ms)
 GET /signup 200 in 24ms (compile: 5ms, proxy.ts: 4ms, render: 15ms)
 GET /login 200 in 52ms (compile: 3ms, proxy.ts: 2ms, render: 47ms)
 GET /login 200 in 51ms (compile: 2ms, proxy.ts: 3ms, render: 46ms)
 GET /login 200 in 67ms (compile: 5ms, proxy.ts: 4ms, render: 58ms)
 GET /login 200 in 62ms (compile: 4ms, proxy.ts: 3ms, render: 55ms)
 GET /login 200 in 61ms (compile: 4ms, proxy.ts: 5ms, render: 53ms)
 GET /login 200 in 60ms (compile: 3ms, proxy.ts: 3ms, render: 54ms)
 GET /login 200 in 70ms (compile: 8ms, proxy.ts: 3ms, render: 59ms)
 GET /login 200 in 92ms (compile: 3ms, proxy.ts: 4ms, render: 85ms)
 GET /login 200 in 45ms (compile: 3ms, proxy.ts: 4ms, render: 39ms)
 GET /login 200 in 54ms (compile: 3ms, proxy.ts: 3ms, render: 49ms)
 GET /login 200 in 73ms (compile: 5ms, proxy.ts: 4ms, render: 64ms)
 GET / 200 in 189ms (compile: 52ms, proxy.ts: 1862µs, render: 135ms)
 GET / 200 in 94ms (compile: 14ms, proxy.ts: 5ms, render: 75ms)
 GET / 200 in 76ms (compile: 4ms, proxy.ts: 4ms, render: 69ms)
 GET / 200 in 52ms (compile: 2ms, proxy.ts: 3ms, render: 47ms)
 GET / 200 in 64ms (compile: 3ms, proxy.ts: 8ms, render: 53ms)
 GET / 200 in 62ms (compile: 6ms, proxy.ts: 5ms, render: 51ms)
 GET / 200 in 57ms (compile: 2ms, proxy.ts: 7ms, render: 47ms)
 GET / 200 in 87ms (compile: 5ms, proxy.ts: 8ms, render: 75ms)
 GET / 200 in 69ms (compile: 8ms, proxy.ts: 3ms, render: 58ms)
 GET / 200 in 90ms (compile: 6ms, proxy.ts: 5ms, render: 78ms)
 GET / 200 in 74ms (compile: 3ms, proxy.ts: 4ms, render: 66ms)
 GET / 200 in 85ms (compile: 8ms, proxy.ts: 4ms, render: 73ms)
 GET / 200 in 62ms (compile: 1984µs, proxy.ts: 1781µs, render: 58ms)
 GET / 200 in 65ms (compile: 3ms, proxy.ts: 1779µs, render: 61ms)
 GET / 200 in 75ms (compile: 13ms, proxy.ts: 1982µs, render: 61ms)
 GET / 200 in 72ms (compile: 3ms, proxy.ts: 1990µs, render: 68ms)
 GET / 200 in 59ms (compile: 7ms, proxy.ts: 2ms, render: 49ms)
 GET / 200 in 53ms (compile: 1841µs, proxy.ts: 2ms, render: 49ms)
✓ Compiled in 36ms
 GET / 200 in 21ms (compile: 3ms, proxy.ts: 3ms, render: 16ms)
 GET / 200 in 77ms (compile: 6ms, proxy.ts: 10ms, render: 61ms)
 GET /login 200 in 61ms (compile: 6ms, proxy.ts: 5ms, render: 51ms)
 GET /login 200 in 49ms (compile: 2ms, proxy.ts: 4ms, render: 42ms)
 GET /login 200 in 56ms (compile: 4ms, proxy.ts: 3ms, render: 49ms)
 GET /login 200 in 53ms (compile: 4ms, proxy.ts: 3ms, render: 45ms)
 GET /login 200 in 60ms (compile: 6ms, proxy.ts: 5ms, render: 49ms)
 GET /login 200 in 56ms (compile: 6ms, proxy.ts: 7ms, render: 43ms)
 GET /login 200 in 49ms (compile: 2ms, proxy.ts: 3ms, render: 44ms)
 GET /login 200 in 58ms (compile: 3ms, proxy.ts: 4ms, render: 51ms)
 GET /login 200 in 72ms (compile: 12ms, proxy.ts: 5ms, render: 55ms)
 GET /login 200 in 71ms (compile: 3ms, proxy.ts: 6ms, render: 63ms)
 GET /login 200 in 91ms (compile: 16ms, proxy.ts: 6ms, render: 69ms)
 GET /login 200 in 70ms (compile: 5ms, proxy.ts: 15ms, render: 49ms)
 GET /login 200 in 46ms (compile: 3ms, proxy.ts: 2ms, render: 41ms)
 GET /login 200 in 59ms (compile: 11ms, proxy.ts: 7ms, render: 41ms)
 GET /login 200 in 66ms (compile: 3ms, proxy.ts: 3ms, render: 59ms)
 GET /login 200 in 85ms (compile: 7ms, proxy.ts: 11ms, render: 67ms)
 GET /login 200 in 50ms (compile: 3ms, proxy.ts: 4ms, render: 43ms)
 GET /login 200 in 67ms (compile: 4ms, proxy.ts: 8ms, render: 55ms)
 GET /login 200 in 65ms (compile: 5ms, proxy.ts: 3ms, render: 57ms)
 GET /login 200 in 59ms (compile: 3ms, proxy.ts: 7ms, render: 49ms)
 GET /login 200 in 52ms (compile: 2ms, proxy.ts: 3ms, render: 47ms)
 GET /login 200 in 58ms (compile: 4ms, proxy.ts: 5ms, render: 49ms)
 GET /login 200 in 50ms (compile: 8ms, proxy.ts: 3ms, render: 40ms)
 GET /login 200 in 55ms (compile: 3ms, proxy.ts: 4ms, render: 47ms)
 GET /login 200 in 55ms (compile: 2ms, proxy.ts: 3ms, render: 49ms)
 GET /login 200 in 69ms (compile: 9ms, proxy.ts: 8ms, render: 52ms)
 GET /login 200 in 52ms (compile: 3ms, proxy.ts: 3ms, render: 46ms)
 GET /login 200 in 73ms (compile: 5ms, proxy.ts: 17ms, render: 51ms)
 GET /login 200 in 49ms (compile: 4ms, proxy.ts: 4ms, render: 42ms)
 GET /login 200 in 68ms (compile: 6ms, proxy.ts: 5ms, render: 57ms)
 GET /login 200 in 51ms (compile: 3ms, proxy.ts: 3ms, render: 45ms)
 GET /login 200 in 207ms (compile: 12ms, proxy.ts: 6ms, render: 188ms)
 GET /login 200 in 61ms (compile: 4ms, proxy.ts: 3ms, render: 53ms)
 GET /login 200 in 73ms (compile: 6ms, proxy.ts: 7ms, render: 60ms)
 GET /login 200 in 60ms (compile: 5ms, proxy.ts: 4ms, render: 52ms)
 GET /login 200 in 60ms (compile: 5ms, proxy.ts: 9ms, render: 45ms)
 GET /login 200 in 50ms (compile: 4ms, proxy.ts: 3ms, render: 43ms)
 GET /login 200 in 66ms (compile: 11ms, proxy.ts: 7ms, render: 47ms)
 GET /login 200 in 60ms (compile: 5ms, proxy.ts: 3ms, render: 52ms)
 GET /login 200 in 74ms (compile: 4ms, proxy.ts: 8ms, render: 62ms)
 GET /login 200 in 39ms (compile: 2ms, proxy.ts: 3ms, render: 33ms)
 GET /login 200 in 69ms (compile: 3ms, proxy.ts: 7ms, render: 59ms)
 GET /login 200 in 51ms (compile: 3ms, proxy.ts: 3ms, render: 44ms)
 GET /login 200 in 57ms (compile: 2ms, proxy.ts: 7ms, render: 47ms)
 GET /login 200 in 57ms (compile: 3ms, proxy.ts: 5ms, render: 50ms)
 GET /login 200 in 76ms (compile: 5ms, proxy.ts: 3ms, render: 68ms)
 GET /login 200 in 46ms (compile: 3ms, proxy.ts: 3ms, render: 40ms)
 GET /login 200 in 57ms (compile: 5ms, proxy.ts: 7ms, render: 45ms)
 GET /login 200 in 59ms (compile: 5ms, proxy.ts: 6ms, render: 48ms)
 GET /login 200 in 71ms (compile: 6ms, proxy.ts: 10ms, render: 55ms)
 GET /login 200 in 54ms (compile: 4ms, proxy.ts: 4ms, render: 46ms)
 GET /login 200 in 65ms (compile: 7ms, proxy.ts: 6ms, render: 52ms)
 GET /login 200 in 75ms (compile: 15ms, proxy.ts: 6ms, render: 54ms)
 GET /login 200 in 102ms (compile: 14ms, proxy.ts: 10ms, render: 77ms)
 GET /login 200 in 101ms (compile: 25ms, proxy.ts: 10ms, render: 65ms)
 GET /login 200 in 40ms (compile: 5ms, proxy.ts: 5ms, render: 30ms)
 GET /login 200 in 49ms (compile: 3ms, proxy.ts: 7ms, render: 39ms)
 GET /login 200 in 68ms (compile: 8ms, proxy.ts: 6ms, render: 54ms)
 GET /login 200 in 111ms (compile: 33ms, proxy.ts: 6ms, render: 72ms)
 GET /login 200 in 129ms (compile: 14ms, proxy.ts: 10ms, render: 105ms)
 GET /login 200 in 62ms (compile: 4ms, proxy.ts: 3ms, render: 55ms)
 GET /login 200 in 64ms (compile: 6ms, proxy.ts: 5ms, render: 53ms)
 GET /login 200 in 62ms (compile: 4ms, proxy.ts: 7ms, render: 51ms)
 GET /login 200 in 62ms (compile: 6ms, proxy.ts: 4ms, render: 52ms)
 GET /login 200 in 41ms (compile: 2ms, proxy.ts: 3ms, render: 36ms)
 GET /login 200 in 58ms (compile: 2ms, proxy.ts: 4ms, render: 52ms)
 GET /login 200 in 40ms (compile: 3ms, proxy.ts: 3ms, render: 34ms)
 GET /login 200 in 49ms (compile: 3ms, proxy.ts: 4ms, render: 42ms)
 GET /login 200 in 93ms (compile: 7ms, proxy.ts: 6ms, render: 80ms)
 GET /login 200 in 53ms (compile: 3ms, proxy.ts: 5ms, render: 45ms)
 GET /login 200 in 48ms (compile: 7ms, proxy.ts: 4ms, render: 37ms)
 GET /login 200 in 46ms (compile: 4ms, proxy.ts: 4ms, render: 38ms)
 GET /login 200 in 34ms (compile: 1773µs, proxy.ts: 2ms, render: 30ms)
 GET /login 200 in 46ms (compile: 3ms, proxy.ts: 4ms, render: 39ms)
 GET /login 200 in 39ms (compile: 3ms, proxy.ts: 3ms, render: 33ms)
 GET /login 200 in 60ms (compile: 3ms, proxy.ts: 4ms, render: 53ms)
 GET /login 200 in 41ms (compile: 4ms, proxy.ts: 2ms, render: 35ms)
 GET /login 200 in 44ms (compile: 2ms, proxy.ts: 4ms, render: 37ms)
 GET /login 200 in 48ms (compile: 4ms, proxy.ts: 3ms, render: 41ms)
 GET /login 200 in 65ms (compile: 4ms, proxy.ts: 9ms, render: 52ms)
 GET /login 200 in 34ms (compile: 3ms, proxy.ts: 3ms, render: 27ms)
 GET /login 200 in 50ms (compile: 7ms, proxy.ts: 3ms, render: 40ms)
 GET /login 200 in 43ms (compile: 3ms, proxy.ts: 5ms, render: 35ms)
 GET /login 200 in 48ms (compile: 3ms, proxy.ts: 4ms, render: 41ms)
 GET /login 200 in 38ms (compile: 4ms, proxy.ts: 3ms, render: 31ms)
 GET /login 200 in 54ms (compile: 4ms, proxy.ts: 4ms, render: 47ms)
 GET /login 200 in 43ms (compile: 6ms, proxy.ts: 3ms, render: 33ms)
 GET /login 200 in 54ms (compile: 3ms, proxy.ts: 4ms, render: 47ms)
 GET /login 200 in 43ms (compile: 2ms, proxy.ts: 2ms, render: 38ms)
 GET /login 200 in 67ms (compile: 3ms, proxy.ts: 4ms, render: 59ms)
 GET /login 200 in 50ms (compile: 4ms, proxy.ts: 4ms, render: 42ms)
 GET /login 200 in 72ms (compile: 3ms, proxy.ts: 7ms, render: 62ms)
 GET /login 200 in 67ms (compile: 9ms, proxy.ts: 8ms, render: 50ms)
 GET /login 200 in 74ms (compile: 4ms, proxy.ts: 7ms, render: 63ms)
 GET /login 200 in 66ms (compile: 9ms, proxy.ts: 6ms, render: 52ms)
 GET /login 200 in 170ms (compile: 14ms, proxy.ts: 12ms, render: 145ms)
 GET /login 200 in 47ms (compile: 8ms, proxy.ts: 4ms, render: 35ms)
 GET /login 200 in 57ms (compile: 4ms, proxy.ts: 4ms, render: 49ms)
 GET / 200 in 65ms (compile: 5ms, proxy.ts: 5ms, render: 56ms)
 GET / 200 in 71ms (compile: 3ms, proxy.ts: 3ms, render: 64ms)
 GET / 200 in 48ms (compile: 2ms, proxy.ts: 3ms, render: 43ms)
 GET / 200 in 66ms (compile: 2ms, proxy.ts: 1948µs, render: 62ms)
 GET / 200 in 50ms (compile: 8ms, proxy.ts: 1716µs, render: 40ms)
 GET / 200 in 137ms (compile: 4ms, proxy.ts: 1989µs, render: 131ms)
 GET / 200 in 57ms (compile: 4ms, proxy.ts: 2ms, render: 51ms)
 GET / 200 in 58ms (compile: 3ms, proxy.ts: 1881µs, render: 53ms)
 GET / 200 in 55ms (compile: 2ms, proxy.ts: 1935µs, render: 51ms)
 GET / 200 in 63ms (compile: 3ms, proxy.ts: 1986µs, render: 58ms)
 GET / 200 in 53ms (compile: 2ms, proxy.ts: 1450µs, render: 49ms)
 GET / 200 in 47ms (compile: 2ms, proxy.ts: 2ms, render: 43ms)
 GET / 200 in 58ms (compile: 3ms, proxy.ts: 1609µs, render: 53ms)
 GET / 200 in 52ms (compile: 1755µs, proxy.ts: 1328µs, render: 49ms)
 GET / 200 in 64ms (compile: 3ms, proxy.ts: 3ms, render: 58ms)
⚠ Found a change in next.config.ts. Restarting the server to apply the changes...
⚠ Warning: Next.js inferred your workspace root, but it may not be correct.
 We detected multiple lockfiles and selected the directory of /home/bayajidswe/package-lock.json as the root directory.
 To silence this warning, set `turbopack.root` in your Next.js config, or consider removing one of the lockfiles if it's not needed.
   See https://nextjs.org/docs/app/api-reference/config/next-config-js/turbopack#root-directory for more information.
 Detected additional lockfiles: 
   * /home/bayajidswe/My-files/my-projects/jatra-railway/apps/web/pnpm-lock.yaml
   * /home/bayajidswe/My-files/my-projects/jatra-railway/pnpm-lock.yaml

▲ Next.js 16.1.1 (Turbopack)
- Local:         http://localhost:3000
- Network:       http://192.168.0.108:3000
- Environments: .env.local

✓ Starting...
⚠ The "middleware" file convention is deprecated. Please use "proxy" instead. Learn more: https://nextjs.org/docs/messages/middleware-to-proxy
✓ Ready in 1124ms
 GET /login 200 in 1003ms (compile: 690ms, proxy.ts: 59ms, render: 254ms)
 GET / 200 in 941ms (compile: 858ms, proxy.ts: 5ms, render: 78ms)
 GET / 200 in 62ms (compile: 8ms, proxy.ts: 3ms, render: 51ms)
 GET / 200 in 83ms (compile: 3ms, proxy.ts: 3ms, render: 77ms)
 GET /login 200 in 52ms (compile: 4ms, proxy.ts: 5ms, render: 42ms)
 GET /login 200 in 67ms (compile: 3ms, proxy.ts: 7ms, render: 57ms)
 GET / 200 in 79ms (compile: 5ms, proxy.ts: 3ms, render: 72ms)
 GET / 200 in 65ms (compile: 2ms, proxy.ts: 2ms, render: 61ms)
 GET /login 200 in 85ms (compile: 11ms, proxy.ts: 12ms, render: 61ms)
 GET / 200 in 72ms (compile: 7ms, proxy.ts: 4ms, render: 61ms)
 GET / 200 in 90ms (compile: 4ms, proxy.ts: 3ms, render: 83ms)
 GET / 200 in 47ms (compile: 1542µs, proxy.ts: 2ms, render: 44ms)
 GET / 200 in 67ms (compile: 3ms, proxy.ts: 3ms, render: 61ms)
 GET / 200 in 113ms (compile: 30ms, proxy.ts: 1998µs, render: 81ms)
 GET /login 200 in 118ms (compile: 6ms, proxy.ts: 3ms, render: 110ms)
 GET / 200 in 59ms (compile: 3ms, proxy.ts: 3ms, render: 53ms)
 GET / 200 in 76ms (compile: 1971µs, proxy.ts: 1795µs, render: 72ms)
 GET /login 200 in 145ms (compile: 15ms, proxy.ts: 14ms, render: 116ms)
 GET /login 200 in 91ms (compile: 11ms, proxy.ts: 6ms, render: 74ms)
 GET / 200 in 96ms (compile: 13ms, proxy.ts: 18ms, render: 65ms)
 GET / 200 in 134ms (compile: 10ms, proxy.ts: 10ms, render: 114ms)
 GET / 200 in 59ms (compile: 2ms, proxy.ts: 4ms, render: 53ms)
 GET /login 200 in 56ms (compile: 7ms, proxy.ts: 6ms, render: 43ms)
 GET / 200 in 89ms (compile: 4ms, proxy.ts: 3ms, render: 82ms)
 GET / 200 in 42ms (compile: 4ms, proxy.ts: 2ms, render: 36ms)
 GET / 200 in 65ms (compile: 2ms, proxy.ts: 1556µs, render: 61ms)
 GET /login 200 in 46ms (compile: 4ms, proxy.ts: 6ms, render: 37ms)
 GET /login 200 in 44ms (compile: 4ms, proxy.ts: 4ms, render: 36ms)
 GET / 200 in 56ms (compile: 5ms, proxy.ts: 5ms, render: 46ms)
 GET / 200 in 70ms (compile: 4ms, proxy.ts: 3ms, render: 63ms)
 GET / 200 in 52ms (compile: 2ms, proxy.ts: 3ms, render: 46ms)
 GET /login 200 in 44ms (compile: 7ms, proxy.ts: 3ms, render: 34ms)
 GET / 200 in 132ms (compile: 40ms, proxy.ts: 4ms, render: 89ms)
 GET /login 200 in 53ms (compile: 6ms, proxy.ts: 6ms, render: 42ms)
 GET / 200 in 61ms (compile: 3ms, proxy.ts: 5ms, render: 53ms)
 GET / 200 in 39ms (compile: 7ms, proxy.ts: 1491µs, render: 31ms)
✓ Compiled in 69ms
 GET / 200 in 231ms (compile: 85ms, proxy.ts: 10ms, render: 136ms)
 GET /login 200 in 234ms (compile: 63ms, proxy.ts: 3ms, render: 168ms)
 GET / 200 in 232ms (compile: 2ms, proxy.ts: 2ms, render: 227ms)
 GET / 200 in 59ms (compile: 4ms, proxy.ts: 3ms, render: 51ms)
 GET / 200 in 112ms (compile: 8ms, proxy.ts: 6ms, render: 98ms)
 GET / 200 in 181ms (compile: 4ms, proxy.ts: 8ms, render: 169ms)
 GET /login 200 in 91ms (compile: 11ms, proxy.ts: 8ms, render: 72ms)
 GET / 200 in 130ms (compile: 8ms, proxy.ts: 9ms, render: 113ms)
 GET / 200 in 71ms (compile: 4ms, proxy.ts: 4ms, render: 63ms)
 GET /login 200 in 61ms (compile: 4ms, proxy.ts: 5ms, render: 53ms)
 GET /login 200 in 94ms (compile: 5ms, proxy.ts: 4ms, render: 86ms)
 GET / 200 in 94ms (compile: 18ms, proxy.ts: 3ms, render: 73ms)
 GET / 200 in 72ms (compile: 10ms, proxy.ts: 4ms, render: 59ms)
 GET / 200 in 59ms (compile: 6ms, proxy.ts: 6ms, render: 47ms)
 GET / 200 in 74ms (compile: 2ms, proxy.ts: 3ms, render: 69ms)
 GET / 200 in 45ms (compile: 1790µs, proxy.ts: 3ms, render: 41ms)
 GET / 200 in 42ms (compile: 1790µs, proxy.ts: 1887µs, render: 38ms)
 GET / 200 in 52ms (compile: 5ms, proxy.ts: 5ms, render: 43ms)
 GET / 200 in 47ms (compile: 1957µs, proxy.ts: 3ms, render: 42ms)
 GET / 200 in 43ms (compile: 1940µs, proxy.ts: 1604µs, render: 39ms)
 GET / 200 in 47ms (compile: 2ms, proxy.ts: 1644µs, render: 43ms)
 GET / 200 in 50ms (compile: 6ms, proxy.ts: 1523µs, render: 43ms)
 GET / 200 in 40ms (compile: 3ms, proxy.ts: 2ms, render: 35ms)
 GET / 200 in 46ms (compile: 2ms, proxy.ts: 1212µs, render: 42ms)
 GET / 200 in 51ms (compile: 2ms, proxy.ts: 2ms, render: 46ms)
 GET / 200 in 48ms (compile: 3ms, proxy.ts: 1792µs, render: 44ms)
 GET / 200 in 46ms (compile: 2ms, proxy.ts: 1212µs, render: 43ms)
 GET / 200 in 45ms (compile: 1846µs, proxy.ts: 2ms, render: 41ms)
 GET / 200 in 45ms (compile: 1277µs, proxy.ts: 1466µs, render: 43ms)
 GET / 200 in 44ms (compile: 3ms, proxy.ts: 2ms, render: 39ms)
 GET / 200 in 45ms (compile: 1949µs, proxy.ts: 1315µs, render: 42ms)
 GET / 200 in 46ms (compile: 1340µs, proxy.ts: 1331µs, render: 44ms)
 GET / 200 in 47ms (compile: 3ms, proxy.ts: 3ms, render: 42ms)
 GET / 200 in 41ms (compile: 1549µs, proxy.ts: 1228µs, render: 38ms)
 GET / 200 in 47ms (compile: 1219µs, proxy.ts: 1727µs, render: 44ms)
 GET / 200 in 44ms (compile: 3ms, proxy.ts: 3ms, render: 38ms)
 GET / 200 in 42ms (compile: 1887µs, proxy.ts: 3ms, render: 37ms)
 GET / 200 in 38ms (compile: 1830µs, proxy.ts: 2ms, render: 34ms)
 GET / 200 in 52ms (compile: 1549µs, proxy.ts: 1521µs, render: 49ms)
 GET / 200 in 46ms (compile: 1381µs, proxy.ts: 1784µs, render: 43ms)
 GET /login 200 in 53ms (compile: 6ms, proxy.ts: 6ms, render: 40ms)
 GET /login 200 in 53ms (compile: 2ms, proxy.ts: 3ms, render: 47ms)
 GET /login 200 in 38ms (compile: 4ms, proxy.ts: 3ms, render: 31ms)
 GET /login 200 in 41ms (compile: 3ms, proxy.ts: 3ms, render: 35ms)
 GET /login 200 in 68ms (compile: 6ms, proxy.ts: 6ms, render: 55ms)
 GET /login 200 in 50ms (compile: 2ms, proxy.ts: 2ms, render: 46ms)
 GET /login 200 in 52ms (compile: 3ms, proxy.ts: 4ms, render: 45ms)
 GET /login 200 in 60ms (compile: 6ms, proxy.ts: 4ms, render: 50ms)
 GET /login 200 in 61ms (compile: 3ms, proxy.ts: 3ms, render: 55ms)
 GET /login 200 in 59ms (compile: 2ms, proxy.ts: 3ms, render: 54ms)
 GET /login 200 in 73ms (compile: 7ms, proxy.ts: 11ms, render: 55ms)
 GET /login 200 in 56ms (compile: 6ms, proxy.ts: 5ms, render: 45ms)
 GET /login 200 in 66ms (compile: 1698µs, proxy.ts: 2ms, render: 62ms)
 GET /login 200 in 65ms (compile: 3ms, proxy.ts: 3ms, render: 59ms)
 GET /login 200 in 97ms (compile: 7ms, proxy.ts: 4ms, render: 86ms)
 GET /login 200 in 45ms (compile: 3ms, proxy.ts: 3ms, render: 40ms)
 GET /login 200 in 55ms (compile: 3ms, proxy.ts: 5ms, render: 47ms)
 GET /login 200 in 39ms (compile: 3ms, proxy.ts: 4ms, render: 32ms)
 GET /login 200 in 51ms (compile: 2ms, proxy.ts: 1903µs, render: 47ms)
 GET /login 200 in 48ms (compile: 2ms, proxy.ts: 2ms, render: 43ms)
 GET /login 200 in 70ms (compile: 3ms, proxy.ts: 3ms, render: 64ms)
 GET /login 200 in 56ms (compile: 3ms, proxy.ts: 4ms, render: 49ms)
 GET /login 200 in 66ms (compile: 4ms, proxy.ts: 4ms, render: 58ms)
 GET /login 200 in 61ms (compile: 9ms, proxy.ts: 4ms, render: 48ms)
 GET /login 200 in 81ms (compile: 2ms, proxy.ts: 3ms, render: 76ms)
 GET /login 200 in 39ms (compile: 1436µs, proxy.ts: 2ms, render: 35ms)
 GET / 200 in 45ms (compile: 1556µs, proxy.ts: 2ms, render: 41ms)
✓ Compiled in 56ms
✓ Compiled in 64ms
 GET / 200 in 102ms (compile: 62ms, proxy.ts: 4ms, render: 36ms)
 GET / 200 in 19ms (compile: 4ms, proxy.ts: 5ms, render: 10ms)
 GET / 200 in 23ms (compile: 5ms, proxy.ts: 4ms, render: 14ms)
 GET / 200 in 144ms (compile: 4ms, proxy.ts: 8ms, render: 132ms)
 GET / 200 in 47ms (compile: 2ms, proxy.ts: 1227µs, render: 44ms)
 GET / 200 in 59ms (compile: 2ms, proxy.ts: 3ms, render: 53ms)
 GET / 200 in 58ms (compile: 1815µs, proxy.ts: 1633µs, render: 55ms)
 GET / 200 in 61ms (compile: 4ms, proxy.ts: 6ms, render: 52ms)
 GET / 200 in 65ms (compile: 2ms, proxy.ts: 2ms, render: 60ms)
 GET / 200 in 114ms (compile: 5ms, proxy.ts: 4ms, render: 106ms)
 GET / 200 in 49ms (compile: 1368µs, proxy.ts: 1364µs, render: 46ms)
 GET / 200 in 50ms (compile: 1616µs, proxy.ts: 6ms, render: 43ms)
 GET / 200 in 62ms (compile: 6ms, proxy.ts: 4ms, render: 52ms)
 GET / 200 in 56ms (compile: 1606µs, proxy.ts: 1520µs, render: 52ms)
 GET / 200 in 47ms (compile: 3ms, proxy.ts: 3ms, render: 42ms)
 GET / 200 in 46ms (compile: 3ms, proxy.ts: 3ms, render: 41ms)
 GET / 200 in 58ms (compile: 2ms, proxy.ts: 3ms, render: 53ms)
 GET / 200 in 43ms (compile: 3ms, proxy.ts: 1845µs, render: 38ms)
 GET / 200 in 47ms (compile: 2ms, proxy.ts: 3ms, render: 42ms)
 GET / 200 in 38ms (compile: 1430µs, proxy.ts: 1698µs, render: 34ms)
 GET / 200 in 55ms (compile: 1553µs, proxy.ts: 2ms, render: 51ms)
 GET / 200 in 45ms (compile: 1743µs, proxy.ts: 2ms, render: 41ms)
 GET / 200 in 49ms (compile: 3ms, proxy.ts: 2ms, render: 45ms)
 GET / 200 in 47ms (compile: 3ms, proxy.ts: 4ms, render: 39ms)
 GET / 200 in 53ms (compile: 2ms, proxy.ts: 1805µs, render: 48ms)
 GET / 200 in 39ms (compile: 1905µs, proxy.ts: 1817µs, render: 35ms)
 GET / 200 in 54ms (compile: 1919µs, proxy.ts: 1642µs, render: 50ms)
 GET / 200 in 39ms (compile: 1508µs, proxy.ts: 1751µs, render: 35ms)
 GET / 200 in 45ms (compile: 1905µs, proxy.ts: 1841µs, render: 41ms)
 GET / 200 in 46ms (compile: 4ms, proxy.ts: 3ms, render: 39ms)
 GET / 200 in 34ms (compile: 1743µs, proxy.ts: 2ms, render: 30ms)
 GET / 200 in 33ms (compile: 2ms, proxy.ts: 2ms, render: 29ms)
 GET / 200 in 136ms (compile: 1450µs, proxy.ts: 1593µs, render: 133ms)
 GET / 200 in 34ms (compile: 1745µs, proxy.ts: 1550µs, render: 30ms)
 GET / 200 in 53ms (compile: 1746µs, proxy.ts: 2ms, render: 49ms)
 GET / 200 in 39ms (compile: 1984µs, proxy.ts: 2ms, render: 35ms)
 GET / 200 in 48ms (compile: 1692µs, proxy.ts: 1870µs, render: 45ms)
 GET / 200 in 39ms (compile: 2ms, proxy.ts: 3ms, render: 34ms)
 GET / 200 in 41ms (compile: 1603µs, proxy.ts: 1533µs, render: 37ms)
 GET / 200 in 32ms (compile: 1680µs, proxy.ts: 1851µs, render: 29ms)
 GET / 200 in 59ms (compile: 2ms, proxy.ts: 2ms, render: 54ms)
 GET / 200 in 39ms (compile: 1551µs, proxy.ts: 1462µs, render: 36ms)
 GET / 200 in 49ms (compile: 1562µs, proxy.ts: 1529µs, render: 46ms)
 GET / 200 in 41ms (compile: 1369µs, proxy.ts: 1581µs, render: 38ms)
 GET / 200 in 39ms (compile: 1726µs, proxy.ts: 1522µs, render: 36ms)
 GET / 200 in 31ms (compile: 1388µs, proxy.ts: 1441µs, render: 28ms)
 GET / 200 in 44ms (compile: 7ms, proxy.ts: 1571µs, render: 35ms)
 GET / 200 in 42ms (compile: 1872µs, proxy.ts: 1644µs, render: 38ms)
 GET / 200 in 39ms (compile: 1613µs, proxy.ts: 1951µs, render: 36ms)
 GET / 200 in 59ms (compile: 3ms, proxy.ts: 3ms, render: 53ms)
 GET / 200 in 50ms (compile: 3ms, proxy.ts: 2ms, render: 45ms)
 GET / 200 in 52ms (compile: 2ms, proxy.ts: 3ms, render: 47ms)
 GET / 200 in 34ms (compile: 1940µs, proxy.ts: 2ms, render: 30ms)
 GET / 200 in 48ms (compile: 8ms, proxy.ts: 2ms, render: 37ms)
 GET / 200 in 37ms (compile: 1716µs, proxy.ts: 1462µs, render: 34ms)
 GET / 200 in 49ms (compile: 2ms, proxy.ts: 2ms, render: 44ms)
 GET / 200 in 34ms (compile: 2ms, proxy.ts: 1796µs, render: 31ms)
 GET / 200 in 56ms (compile: 3ms, proxy.ts: 3ms, render: 50ms)
✓ Compiled in 72ms
